# -*- coding: utf-8 -*-
# This constraints file is required for unit tests.
# List all library dependencies and extras in this file.
proto-plus
protobuf
google-api-core
