{
  "clientLibrary": {
    "apis": [
      {
        "id": "google.cloud.asset.v1",
        "version": "v1"
      }
    ],
    "language": "PYTHON",
    "name": "google-cloud-asset",
    "version": "0.1.0"
  },
  "snippets": [
    {
      "canonical": true,
      "clientMethod": {
        "async": true,
        "client": {
          "fullName": "google.cloud.asset_v1.AssetServiceAsyncClient",
          "shortName": "AssetServiceAsyncClient"
        },
        "fullName": "google.cloud.asset_v1.AssetServiceAsyncClient.export_assets",
        "method": {
          "fullName": "google.cloud.asset.v1.AssetService.ExportAssets",
          "service": {
            "fullName": "google.cloud.asset.v1.AssetService",
            "shortName": "AssetService"
          },
          "shortName": "ExportAssets"
        },
        "parameters": [
          {
            "name": "request",
            "type": "google.cloud.asset_v1.types.ExportAssetsRequest"
          },
          {
            "name": "retry",
            "type": "google.api_core.retry.Retry"
          },
          {
            "name": "timeout",
            "type": "float"
          },
          {
            "name": "metadata",
            "type": "Sequence[Tuple[str, str]"
          }
        ],
        "resultType": "google.api_core.operation_async.AsyncOperation",
        "shortName": "export_assets"
      },
      "description": "Sample for ExportAssets",
      "file": "cloudasset_v1_generated_asset_service_export_assets_async.py",
      "language": "PYTHON",
      "origin": "API_DEFINITION",
      "regionTag": "cloudasset_v1_generated_AssetService_ExportAssets_async",
      "segments": [
        {
          "end": 59,
          "start": 27,
          "type": "FULL"
        },
        {
          "end": 59,
          "start": 27,
          "type": "SHORT"
        },
        {
          "end": 40,
          "start": 38,
          "type": "CLIENT_INITIALIZATION"
        },
        {
          "end": 49,
          "start": 41,
          "type": "REQUEST_INITIALIZATION"
        },
        {
          "end": 56,
          "start": 50,
          "type": "REQUEST_EXECUTION"
        },
        {
          "end": 60,
          "start": 57,
          "type": "RESPONSE_HANDLING"
        }
      ],
      "title": "cloudasset_v1_generated_asset_service_export_assets_async.py"
    },
    {
      "canonical": true,
      "clientMethod": {
        "client": {
          "fullName": "google.cloud.asset_v1.AssetServiceClient",
          "shortName": "AssetServiceClient"
        },
        "fullName": "google.cloud.asset_v1.AssetServiceClient.export_assets",
        "method": {
          "fullName": "google.cloud.asset.v1.AssetService.ExportAssets",
          "service": {
            "fullName": "google.cloud.asset.v1.AssetService",
            "shortName": "AssetService"
          },
          "shortName": "ExportAssets"
        },
        "parameters": [
          {
            "name": "request",
            "type": "google.cloud.asset_v1.types.ExportAssetsRequest"
          },
          {
            "name": "retry",
            "type": "google.api_core.retry.Retry"
          },
          {
            "name": "timeout",
            "type": "float"
          },
          {
            "name": "metadata",
            "type": "Sequence[Tuple[str, str]"
          }
        ],
        "resultType": "google.api_core.operation.Operation",
        "shortName": "export_assets"
      },
      "description": "Sample for ExportAssets",
      "file": "cloudasset_v1_generated_asset_service_export_assets_sync.py",
      "language": "PYTHON",
      "origin": "API_DEFINITION",
      "regionTag": "cloudasset_v1_generated_AssetService_ExportAssets_sync",
      "segments": [
        {
          "end": 59,
          "start": 27,
          "type": "FULL"
        },
        {
          "end": 59,
          "start": 27,
          "type": "SHORT"
        },
        {
          "end": 40,
          "start": 38,
          "type": "CLIENT_INITIALIZATION"
        },
        {
          "end": 49,
          "start": 41,
          "type": "REQUEST_INITIALIZATION"
        },
        {
          "end": 56,
          "start": 50,
          "type": "REQUEST_EXECUTION"
        },
        {
          "end": 60,
          "start": 57,
          "type": "RESPONSE_HANDLING"
        }
      ],
      "title": "cloudasset_v1_generated_asset_service_export_assets_sync.py"
    }
  ]
}
