{
  "snippets": [
    {
      "clientMethod": {
        "method": {
          "fullName": "ListAssets",
          "service": {
            "shortName": "AssetService"
          }
        }
      },
      "file": "samples/generated_samples/cloudasset_generated_asset_v1_asset_service_list_assets_sync.py",
      "regionTag": "cloudasset_generated_asset_v1_AssetService_ListAssets_sync",
      "segments": [
        {
          "end": 43,
          "start": 27,
          "type": "FULL"
        },
        {
          "end": 43,
          "start": 27,
          "type": "SHORT"
        },
        {
          "end": 33,
          "start": 31,
          "type": "CLIENT_INITIALIZATION"
        },
        {
          "end": 38,
          "start": 34,
          "type": "REQUEST_INITIALIZATION"
        },
        {
          "start": 39,
          "type": "REQUEST_EXECUTION"
        },
        {
          "end": 44,
          "type": "RESPONSE_HANDLING"
        }
      ]
    },
    {
      "clientMethod": {
        "method": {
          "fullName": "SearchAllResources",
          "service": {
            "shortName": "AssetService"
          }
        }
      },
      "file": "samples/generated_samples/cloudasset_generated_asset_v1_asset_service_search_all_resources_sync.py",
      "regionTag": "cloudasset_generated_asset_v1_AssetService_SearchAllResources_sync",
      "segments": [
        {
          "end": 43,
          "start": 27,
          "type": "FULL"
        },
        {
          "end": 43,
          "start": 27,
          "type": "SHORT"
        },
        {
          "end": 33,
          "start": 31,
          "type": "CLIENT_INITIALIZATION"
        },
        {
          "end": 38,
          "start": 34,
          "type": "REQUEST_INITIALIZATION"
        },
        {
          "start": 39,
          "type": "REQUEST_EXECUTION"
        },
        {
          "end": 44,
          "type": "RESPONSE_HANDLING"
        }
      ]
    },
    {
      "clientMethod": {
        "method": {
          "fullName": "GetFeed",
          "service": {
            "shortName": "AssetService"
          }
        }
      },
      "file": "samples/generated_samples/cloudasset_generated_asset_v1_asset_service_get_feed_sync.py",
      "regionTag": "cloudasset_generated_asset_v1_AssetService_GetFeed_sync",
      "segments": [
        {
          "end": 48,
          "start": 27,
          "type": "FULL"
        },
        {
          "end": 48,
          "start": 27,
          "type": "SHORT"
        },
        {
          "end": 33,
          "start": 31,
          "type": "CLIENT_INITIALIZATION"
        },
        {
          "end": 42,
          "start": 34,
          "type": "REQUEST_INITIALIZATION"
        },
        {
          "end": 45,
          "start": 43,
          "type": "REQUEST_EXECUTION"
        },
        {
          "end": 49,
          "start": 46,
          "type": "RESPONSE_HANDLING"
        }
      ]
    },
    {
      "clientMethod": {
        "method": {
          "fullName": "SearchAllIamPolicies",
          "service": {
            "shortName": "AssetService"
          }
        }
      },
      "file": "samples/generated_samples/cloudasset_generated_asset_v1_asset_service_search_all_iam_policies_sync.py",
      "regionTag": "cloudasset_generated_asset_v1_AssetService_SearchAllIamPolicies_sync",
      "segments": [
        {
          "end": 43,
          "start": 27,
          "type": "FULL"
        },
        {
          "end": 43,
          "start": 27,
          "type": "SHORT"
        },
        {
          "end": 33,
          "start": 31,
          "type": "CLIENT_INITIALIZATION"
        },
        {
          "end": 38,
          "start": 34,
          "type": "REQUEST_INITIALIZATION"
        },
        {
          "start": 39,
          "type": "REQUEST_EXECUTION"
        },
        {
          "end": 44,
          "type": "RESPONSE_HANDLING"
        }
      ]
    },
    {
      "clientMethod": {
        "method": {
          "fullName": "DeleteFeed",
          "service": {
            "shortName": "AssetService"
          }
        }
      },
      "file": "samples/generated_samples/cloudasset_generated_asset_v1_asset_service_delete_feed_sync.py",
      "regionTag": "cloudasset_generated_asset_v1_AssetService_DeleteFeed_sync",
      "segments": [
        {
          "end": 46,
          "start": 27,
          "type": "FULL"
        },
        {
          "end": 46,
          "start": 27,
          "type": "SHORT"
        },
        {
          "end": 33,
          "start": 31,
          "type": "CLIENT_INITIALIZATION"
        },
        {
          "end": 42,
          "start": 34,
          "type": "REQUEST_INITIALIZATION"
        },
        {
          "start": 43,
          "type": "REQUEST_EXECUTION"
        },
        {
          "end": 47,
          "type": "RESPONSE_HANDLING"
        }
      ]
    },
    {
      "clientMethod": {
        "method": {
          "fullName": "ListFeeds",
          "service": {
            "shortName": "AssetService"
          }
        }
      },
      "file": "samples/generated_samples/cloudasset_generated_asset_v1_asset_service_list_feeds_sync.py",
      "regionTag": "cloudasset_generated_asset_v1_AssetService_ListFeeds_sync",
      "segments": [
        {
          "end": 44,
          "start": 27,
          "type": "FULL"
        },
        {
          "end": 44,
          "start": 27,
          "type": "SHORT"
        },
        {
          "end": 33,
          "start": 31,
          "type": "CLIENT_INITIALIZATION"
        },
        {
          "end": 38,
          "start": 34,
          "type": "REQUEST_INITIALIZATION"
        },
        {
          "end": 41,
          "start": 39,
          "type": "REQUEST_EXECUTION"
        },
        {
          "end": 45,
          "start": 42,
          "type": "RESPONSE_HANDLING"
        }
      ]
    },
    {
      "clientMethod": {
        "method": {
          "fullName": "AnalyzeIamPolicyLongrunning",
          "service": {
            "shortName": "AssetService"
          }
        }
      },
      "file": "samples/generated_samples/cloudasset_generated_asset_v1_asset_service_analyze_iam_policy_longrunning_sync.py",
      "regionTag": "cloudasset_generated_asset_v1_AssetService_AnalyzeIamPolicyLongrunning_sync",
      "segments": [
        {
          "end": 53,
          "start": 27,
          "type": "FULL"
        },
        {
          "end": 53,
          "start": 27,
          "type": "SHORT"
        },
        {
          "end": 33,
          "start": 31,
          "type": "CLIENT_INITIALIZATION"
        },
        {
          "end": 45,
          "start": 34,
          "type": "REQUEST_INITIALIZATION"
        },
        {
          "start": 46,
          "type": "REQUEST_EXECUTION"
        },
        {
          "end": 54,
          "type": "RESPONSE_HANDLING"
        }
      ]
    },
    {
      "clientMethod": {
        "method": {
          "fullName": "UpdateFeed",
          "service": {
            "shortName": "AssetService"
          }
        }
      },
      "file": "samples/generated_samples/cloudasset_generated_asset_v1_asset_service_update_feed_sync.py",
      "regionTag": "cloudasset_generated_asset_v1_AssetService_UpdateFeed_sync",
      "segments": [
        {
          "end": 47,
          "start": 27,
          "type": "FULL"
        },
        {
          "end": 47,
          "start": 27,
          "type": "SHORT"
        },
        {
          "end": 33,
          "start": 31,
          "type": "CLIENT_INITIALIZATION"
        },
        {
          "end": 41,
          "start": 34,
          "type": "REQUEST_INITIALIZATION"
        },
        {
          "end": 44,
          "start": 42,
          "type": "REQUEST_EXECUTION"
        },
        {
          "end": 48,
          "start": 45,
          "type": "RESPONSE_HANDLING"
        }
      ]
    },
    {
      "clientMethod": {
        "method": {
          "fullName": "BatchGetAssetsHistory",
          "service": {
            "shortName": "AssetService"
          }
        }
      },
      "file": "samples/generated_samples/cloudasset_generated_asset_v1_asset_service_batch_get_assets_history_sync.py",
      "regionTag": "cloudasset_generated_asset_v1_AssetService_BatchGetAssetsHistory_sync",
      "segments": [
        {
          "end": 44,
          "start": 27,
          "type": "FULL"
        },
        {
          "end": 44,
          "start": 27,
          "type": "SHORT"
        },
        {
          "end": 33,
          "start": 31,
          "type": "CLIENT_INITIALIZATION"
        },
        {
          "end": 38,
          "start": 34,
          "type": "REQUEST_INITIALIZATION"
        },
        {
          "end": 41,
          "start": 39,
          "type": "REQUEST_EXECUTION"
        },
        {
          "end": 45,
          "start": 42,
          "type": "RESPONSE_HANDLING"
        }
      ]
    },
    {
      "clientMethod": {
        "method": {
          "fullName": "ExportAssets",
          "service": {
            "shortName": "AssetService"
          }
        }
      },
      "file": "samples/generated_samples/cloudasset_generated_asset_v1_asset_service_export_assets_sync.py",
      "regionTag": "cloudasset_generated_asset_v1_AssetService_ExportAssets_sync",
      "segments": [
        {
          "end": 50,
          "start": 27,
          "type": "FULL"
        },
        {
          "end": 50,
          "start": 27,
          "type": "SHORT"
        },
        {
          "end": 33,
          "start": 31,
          "type": "CLIENT_INITIALIZATION"
        },
        {
          "end": 42,
          "start": 34,
          "type": "REQUEST_INITIALIZATION"
        },
        {
          "start": 43,
          "type": "REQUEST_EXECUTION"
        },
        {
          "end": 51,
          "type": "RESPONSE_HANDLING"
        }
      ]
    },
    {
      "clientMethod": {
        "method": {
          "fullName": "CreateFeed",
          "service": {
            "shortName": "AssetService"
          }
        }
      },
      "file": "samples/generated_samples/cloudasset_generated_asset_v1_asset_service_create_feed_sync.py",
      "regionTag": "cloudasset_generated_asset_v1_AssetService_CreateFeed_sync",
      "segments": [
        {
          "end": 49,
          "start": 27,
          "type": "FULL"
        },
        {
          "end": 49,
          "start": 27,
          "type": "SHORT"
        },
        {
          "end": 33,
          "start": 31,
          "type": "CLIENT_INITIALIZATION"
        },
        {
          "end": 43,
          "start": 34,
          "type": "REQUEST_INITIALIZATION"
        },
        {
          "end": 46,
          "start": 44,
          "type": "REQUEST_EXECUTION"
        },
        {
          "end": 50,
          "start": 47,
          "type": "RESPONSE_HANDLING"
        }
      ]
    },
    {
      "clientMethod": {
        "method": {
          "fullName": "AnalyzeIamPolicy",
          "service": {
            "shortName": "AssetService"
          }
        }
      },
      "file": "samples/generated_samples/cloudasset_generated_asset_v1_asset_service_analyze_iam_policy_sync.py",
      "regionTag": "cloudasset_generated_asset_v1_AssetService_AnalyzeIamPolicy_sync",
      "segments": [
        {
          "end": 47,
          "start": 27,
          "type": "FULL"
        },
        {
          "end": 47,
          "start": 27,
          "type": "SHORT"
        },
        {
          "end": 33,
          "start": 31,
          "type": "CLIENT_INITIALIZATION"
        },
        {
          "end": 41,
          "start": 34,
          "type": "REQUEST_INITIALIZATION"
        },
        {
          "end": 44,
          "start": 42,
          "type": "REQUEST_EXECUTION"
        },
        {
          "end": 48,
          "start": 45,
          "type": "RESPONSE_HANDLING"
        }
      ]
    },
    {
      "clientMethod": {
        "async": true,
        "method": {
          "fullName": "AnalyzeIamPolicyLongrunning",
          "service": {
            "shortName": "AssetService"
          }
        }
      },
      "file": "samples/generated_samples/cloudasset_generated_asset_v1_asset_service_analyze_iam_policy_longrunning_async.py",
      "regionTag": "cloudasset_generated_asset_v1_AssetService_AnalyzeIamPolicyLongrunning_async",
      "segments": [
        {
          "end": 53,
          "start": 27,
          "type": "FULL"
        },
        {
          "end": 53,
          "start": 27,
          "type": "SHORT"
        },
        {
          "end": 33,
          "start": 31,
          "type": "CLIENT_INITIALIZATION"
        },
        {
          "end": 45,
          "start": 34,
          "type": "REQUEST_INITIALIZATION"
        },
        {
          "start": 46,
          "type": "REQUEST_EXECUTION"
        },
        {
          "end": 54,
          "type": "RESPONSE_HANDLING"
        }
      ]
    },
    {
      "clientMethod": {
        "async": true,
        "method": {
          "fullName": "ListFeeds",
          "service": {
            "shortName": "AssetService"
          }
        }
      },
      "file": "samples/generated_samples/cloudasset_generated_asset_v1_asset_service_list_feeds_async.py",
      "regionTag": "cloudasset_generated_asset_v1_AssetService_ListFeeds_async",
      "segments": [
        {
          "end": 44,
          "start": 27,
          "type": "FULL"
        },
        {
          "end": 44,
          "start": 27,
          "type": "SHORT"
        },
        {
          "end": 33,
          "start": 31,
          "type": "CLIENT_INITIALIZATION"
        },
        {
          "end": 38,
          "start": 34,
          "type": "REQUEST_INITIALIZATION"
        },
        {
          "end": 41,
          "start": 39,
          "type": "REQUEST_EXECUTION"
        },
        {
          "end": 45,
          "start": 42,
          "type": "RESPONSE_HANDLING"
        }
      ]
    },
    {
      "clientMethod": {
        "async": true,
        "method": {
          "fullName": "DeleteFeed",
          "service": {
            "shortName": "AssetService"
          }
        }
      },
      "file": "samples/generated_samples/cloudasset_generated_asset_v1_asset_service_delete_feed_async.py",
      "regionTag": "cloudasset_generated_asset_v1_AssetService_DeleteFeed_async",
      "segments": [
        {
          "end": 46,
          "start": 27,
          "type": "FULL"
        },
        {
          "end": 46,
          "start": 27,
          "type": "SHORT"
        },
        {
          "end": 33,
          "start": 31,
          "type": "CLIENT_INITIALIZATION"
        },
        {
          "end": 42,
          "start": 34,
          "type": "REQUEST_INITIALIZATION"
        },
        {
          "start": 43,
          "type": "REQUEST_EXECUTION"
        },
        {
          "end": 47,
          "type": "RESPONSE_HANDLING"
        }
      ]
    },
    {
      "clientMethod": {
        "async": true,
        "method": {
          "fullName": "GetFeed",
          "service": {
            "shortName": "AssetService"
          }
        }
      },
      "file": "samples/generated_samples/cloudasset_generated_asset_v1_asset_service_get_feed_async.py",
      "regionTag": "cloudasset_generated_asset_v1_AssetService_GetFeed_async",
      "segments": [
        {
          "end": 48,
          "start": 27,
          "type": "FULL"
        },
        {
          "end": 48,
          "start": 27,
          "type": "SHORT"
        },
        {
          "end": 33,
          "start": 31,
          "type": "CLIENT_INITIALIZATION"
        },
        {
          "end": 42,
          "start": 34,
          "type": "REQUEST_INITIALIZATION"
        },
        {
          "end": 45,
          "start": 43,
          "type": "REQUEST_EXECUTION"
        },
        {
          "end": 49,
          "start": 46,
          "type": "RESPONSE_HANDLING"
        }
      ]
    },
    {
      "clientMethod": {
        "async": true,
        "method": {
          "fullName": "CreateFeed",
          "service": {
            "shortName": "AssetService"
          }
        }
      },
      "file": "samples/generated_samples/cloudasset_generated_asset_v1_asset_service_create_feed_async.py",
      "regionTag": "cloudasset_generated_asset_v1_AssetService_CreateFeed_async",
      "segments": [
        {
          "end": 49,
          "start": 27,
          "type": "FULL"
        },
        {
          "end": 49,
          "start": 27,
          "type": "SHORT"
        },
        {
          "end": 33,
          "start": 31,
          "type": "CLIENT_INITIALIZATION"
        },
        {
          "end": 43,
          "start": 34,
          "type": "REQUEST_INITIALIZATION"
        },
        {
          "end": 46,
          "start": 44,
          "type": "REQUEST_EXECUTION"
        },
        {
          "end": 50,
          "start": 47,
          "type": "RESPONSE_HANDLING"
        }
      ]
    },
    {
      "clientMethod": {
        "async": true,
        "method": {
          "fullName": "BatchGetAssetsHistory",
          "service": {
            "shortName": "AssetService"
          }
        }
      },
      "file": "samples/generated_samples/cloudasset_generated_asset_v1_asset_service_batch_get_assets_history_async.py",
      "regionTag": "cloudasset_generated_asset_v1_AssetService_BatchGetAssetsHistory_async",
      "segments": [
        {
          "end": 44,
          "start": 27,
          "type": "FULL"
        },
        {
          "end": 44,
          "start": 27,
          "type": "SHORT"
        },
        {
          "end": 33,
          "start": 31,
          "type": "CLIENT_INITIALIZATION"
        },
        {
          "end": 38,
          "start": 34,
          "type": "REQUEST_INITIALIZATION"
        },
        {
          "end": 41,
          "start": 39,
          "type": "REQUEST_EXECUTION"
        },
        {
          "end": 45,
          "start": 42,
          "type": "RESPONSE_HANDLING"
        }
      ]
    },
    {
      "clientMethod": {
        "async": true,
        "method": {
          "fullName": "ExportAssets",
          "service": {
            "shortName": "AssetService"
          }
        }
      },
      "file": "samples/generated_samples/cloudasset_generated_asset_v1_asset_service_export_assets_async.py",
      "regionTag": "cloudasset_generated_asset_v1_AssetService_ExportAssets_async",
      "segments": [
        {
          "end": 50,
          "start": 27,
          "type": "FULL"
        },
        {
          "end": 50,
          "start": 27,
          "type": "SHORT"
        },
        {
          "end": 33,
          "start": 31,
          "type": "CLIENT_INITIALIZATION"
        },
        {
          "end": 42,
          "start": 34,
          "type": "REQUEST_INITIALIZATION"
        },
        {
          "start": 43,
          "type": "REQUEST_EXECUTION"
        },
        {
          "end": 51,
          "type": "RESPONSE_HANDLING"
        }
      ]
    },
    {
      "clientMethod": {
        "async": true,
        "method": {
          "fullName": "UpdateFeed",
          "service": {
            "shortName": "AssetService"
          }
        }
      },
      "file": "samples/generated_samples/cloudasset_generated_asset_v1_asset_service_update_feed_async.py",
      "regionTag": "cloudasset_generated_asset_v1_AssetService_UpdateFeed_async",
      "segments": [
        {
          "end": 47,
          "start": 27,
          "type": "FULL"
        },
        {
          "end": 47,
          "start": 27,
          "type": "SHORT"
        },
        {
          "end": 33,
          "start": 31,
          "type": "CLIENT_INITIALIZATION"
        },
        {
          "end": 41,
          "start": 34,
          "type": "REQUEST_INITIALIZATION"
        },
        {
          "end": 44,
          "start": 42,
          "type": "REQUEST_EXECUTION"
        },
        {
          "end": 48,
          "start": 45,
          "type": "RESPONSE_HANDLING"
        }
      ]
    },
    {
      "clientMethod": {
        "async": true,
        "method": {
          "fullName": "SearchAllResources",
          "service": {
            "shortName": "AssetService"
          }
        }
      },
      "file": "samples/generated_samples/cloudasset_generated_asset_v1_asset_service_search_all_resources_async.py",
      "regionTag": "cloudasset_generated_asset_v1_AssetService_SearchAllResources_async",
      "segments": [
        {
          "end": 43,
          "start": 27,
          "type": "FULL"
        },
        {
          "end": 43,
          "start": 27,
          "type": "SHORT"
        },
        {
          "end": 33,
          "start": 31,
          "type": "CLIENT_INITIALIZATION"
        },
        {
          "end": 38,
          "start": 34,
          "type": "REQUEST_INITIALIZATION"
        },
        {
          "start": 39,
          "type": "REQUEST_EXECUTION"
        },
        {
          "end": 44,
          "type": "RESPONSE_HANDLING"
        }
      ]
    },
    {
      "clientMethod": {
        "async": true,
        "method": {
          "fullName": "SearchAllIamPolicies",
          "service": {
            "shortName": "AssetService"
          }
        }
      },
      "file": "samples/generated_samples/cloudasset_generated_asset_v1_asset_service_search_all_iam_policies_async.py",
      "regionTag": "cloudasset_generated_asset_v1_AssetService_SearchAllIamPolicies_async",
      "segments": [
        {
          "end": 43,
          "start": 27,
          "type": "FULL"
        },
        {
          "end": 43,
          "start": 27,
          "type": "SHORT"
        },
        {
          "end": 33,
          "start": 31,
          "type": "CLIENT_INITIALIZATION"
        },
        {
          "end": 38,
          "start": 34,
          "type": "REQUEST_INITIALIZATION"
        },
        {
          "start": 39,
          "type": "REQUEST_EXECUTION"
        },
        {
          "end": 44,
          "type": "RESPONSE_HANDLING"
        }
      ]
    },
    {
      "clientMethod": {
        "async": true,
        "method": {
          "fullName": "AnalyzeIamPolicy",
          "service": {
            "shortName": "AssetService"
          }
        }
      },
      "file": "samples/generated_samples/cloudasset_generated_asset_v1_asset_service_analyze_iam_policy_async.py",
      "regionTag": "cloudasset_generated_asset_v1_AssetService_AnalyzeIamPolicy_async",
      "segments": [
        {
          "end": 47,
          "start": 27,
          "type": "FULL"
        },
        {
          "end": 47,
          "start": 27,
          "type": "SHORT"
        },
        {
          "end": 33,
          "start": 31,
          "type": "CLIENT_INITIALIZATION"
        },
        {
          "end": 41,
          "start": 34,
          "type": "REQUEST_INITIALIZATION"
        },
        {
          "end": 44,
          "start": 42,
          "type": "REQUEST_EXECUTION"
        },
        {
          "end": 48,
          "start": 45,
          "type": "RESPONSE_HANDLING"
        }
      ]
    },
    {
      "clientMethod": {
        "async": true,
        "method": {
          "fullName": "ListAssets",
          "service": {
            "shortName": "AssetService"
          }
        }
      },
      "file": "samples/generated_samples/cloudasset_generated_asset_v1_asset_service_list_assets_async.py",
      "regionTag": "cloudasset_generated_asset_v1_AssetService_ListAssets_async",
      "segments": [
        {
          "end": 43,
          "start": 27,
          "type": "FULL"
        },
        {
          "end": 43,
          "start": 27,
          "type": "SHORT"
        },
        {
          "end": 33,
          "start": 31,
          "type": "CLIENT_INITIALIZATION"
        },
        {
          "end": 38,
          "start": 34,
          "type": "REQUEST_INITIALIZATION"
        },
        {
          "start": 39,
          "type": "REQUEST_EXECUTION"
        },
        {
          "end": 44,
          "type": "RESPONSE_HANDLING"
        }
      ]
    }
  ]
}
