{
  "snippets": [
    {
      "clientMethod": {
        "async": true,
        "method": {
          "service": {
            "shortName": "Snippets"
          },
          "shortName": "ListResources"
        }
      },
      "file": "mollusca_v1_generated_snippets_list_resources_async.py",
      "regionTag": "mollusca_v1_generated_Snippets_ListResources_async",
      "segments": [
        {
          "end": 46,
          "start": 27,
          "type": "FULL"
        },
        {
          "end": 46,
          "start": 27,
          "type": "SHORT"
        },
        {
          "end": 33,
          "start": 31,
          "type": "CLIENT_INITIALIZATION"
        },
        {
          "end": 39,
          "start": 34,
          "type": "REQUEST_INITIALIZATION"
        },
        {
          "end": 42,
          "start": 40,
          "type": "REQUEST_EXECUTION"
        },
        {
          "end": 47,
          "start": 43,
          "type": "RESPONSE_HANDLING"
        }
      ]
    },
    {
      "clientMethod": {
        "method": {
          "service": {
            "shortName": "Snippets"
          },
          "shortName": "ListResources"
        }
      },
      "file": "mollusca_v1_generated_snippets_list_resources_sync.py",
      "regionTag": "mollusca_v1_generated_Snippets_ListResources_sync",
      "segments": [
        {
          "end": 46,
          "start": 27,
          "type": "FULL"
        },
        {
          "end": 46,
          "start": 27,
          "type": "SHORT"
        },
        {
          "end": 33,
          "start": 31,
          "type": "CLIENT_INITIALIZATION"
        },
        {
          "end": 39,
          "start": 34,
          "type": "REQUEST_INITIALIZATION"
        },
        {
          "end": 42,
          "start": 40,
          "type": "REQUEST_EXECUTION"
        },
        {
          "end": 47,
          "start": 43,
          "type": "RESPONSE_HANDLING"
        }
      ]
    },
    {
      "clientMethod": {
        "async": true,
        "method": {
          "service": {
            "shortName": "Snippets"
          },
          "shortName": "MethodBidiStreaming"
        }
      },
      "file": "mollusca_v1_generated_snippets_method_bidi_streaming_async.py",
      "regionTag": "mollusca_v1_generated_Snippets_MethodBidiStreaming_async",
      "segments": [
        {
          "end": 55,
          "start": 27,
          "type": "FULL"
        },
        {
          "end": 55,
          "start": 27,
          "type": "SHORT"
        },
        {
          "end": 33,
          "start": 31,
          "type": "CLIENT_INITIALIZATION"
        },
        {
          "end": 48,
          "start": 34,
          "type": "REQUEST_INITIALIZATION"
        },
        {
          "end": 51,
          "start": 49,
          "type": "REQUEST_EXECUTION"
        },
        {
          "end": 56,
          "start": 52,
          "type": "RESPONSE_HANDLING"
        }
      ]
    },
    {
      "clientMethod": {
        "method": {
          "service": {
            "shortName": "Snippets"
          },
          "shortName": "MethodBidiStreaming"
        }
      },
      "file": "mollusca_v1_generated_snippets_method_bidi_streaming_sync.py",
      "regionTag": "mollusca_v1_generated_Snippets_MethodBidiStreaming_sync",
      "segments": [
        {
          "end": 55,
          "start": 27,
          "type": "FULL"
        },
        {
          "end": 55,
          "start": 27,
          "type": "SHORT"
        },
        {
          "end": 33,
          "start": 31,
          "type": "CLIENT_INITIALIZATION"
        },
        {
          "end": 48,
          "start": 34,
          "type": "REQUEST_INITIALIZATION"
        },
        {
          "end": 51,
          "start": 49,
          "type": "REQUEST_EXECUTION"
        },
        {
          "end": 56,
          "start": 52,
          "type": "RESPONSE_HANDLING"
        }
      ]
    },
    {
      "clientMethod": {
        "async": true,
        "method": {
          "service": {
            "shortName": "Snippets"
          },
          "shortName": "MethodLroSignatures"
        }
      },
      "file": "mollusca_v1_generated_snippets_method_lro_signatures_async.py",
      "regionTag": "mollusca_v1_generated_Snippets_MethodLroSignatures_async",
      "segments": [
        {
          "end": 56,
          "start": 27,
          "type": "FULL"
        },
        {
          "end": 56,
          "start": 27,
          "type": "SHORT"
        },
        {
          "end": 33,
          "start": 31,
          "type": "CLIENT_INITIALIZATION"
        },
        {
          "end": 46,
          "start": 34,
          "type": "REQUEST_INITIALIZATION"
        },
        {
          "end": 53,
          "start": 47,
          "type": "REQUEST_EXECUTION"
        },
        {
          "end": 57,
          "start": 54,
          "type": "RESPONSE_HANDLING"
        }
      ]
    },
    {
      "clientMethod": {
        "method": {
          "service": {
            "shortName": "Snippets"
          },
          "shortName": "MethodLroSignatures"
        }
      },
      "file": "mollusca_v1_generated_snippets_method_lro_signatures_sync.py",
      "regionTag": "mollusca_v1_generated_Snippets_MethodLroSignatures_sync",
      "segments": [
        {
          "end": 56,
          "start": 27,
          "type": "FULL"
        },
        {
          "end": 56,
          "start": 27,
          "type": "SHORT"
        },
        {
          "end": 33,
          "start": 31,
          "type": "CLIENT_INITIALIZATION"
        },
        {
          "end": 46,
          "start": 34,
          "type": "REQUEST_INITIALIZATION"
        },
        {
          "end": 53,
          "start": 47,
          "type": "REQUEST_EXECUTION"
        },
        {
          "end": 57,
          "start": 54,
          "type": "RESPONSE_HANDLING"
        }
      ]
    },
    {
      "clientMethod": {
        "async": true,
        "method": {
          "service": {
            "shortName": "Snippets"
          },
          "shortName": "MethodOneSignature"
        }
      },
      "file": "mollusca_v1_generated_snippets_method_one_signature_async.py",
      "regionTag": "mollusca_v1_generated_Snippets_MethodOneSignature_async",
      "segments": [
        {
          "end": 52,
          "start": 27,
          "type": "FULL"
        },
        {
          "end": 52,
          "start": 27,
          "type": "SHORT"
        },
        {
          "end": 33,
          "start": 31,
          "type": "CLIENT_INITIALIZATION"
        },
        {
          "end": 46,
          "start": 34,
          "type": "REQUEST_INITIALIZATION"
        },
        {
          "end": 49,
          "start": 47,
          "type": "REQUEST_EXECUTION"
        },
        {
          "end": 53,
          "start": 50,
          "type": "RESPONSE_HANDLING"
        }
      ]
    },
    {
      "clientMethod": {
        "method": {
          "service": {
            "shortName": "Snippets"
          },
          "shortName": "MethodOneSignature"
        }
      },
      "file": "mollusca_v1_generated_snippets_method_one_signature_sync.py",
      "regionTag": "mollusca_v1_generated_Snippets_MethodOneSignature_sync",
      "segments": [
        {
          "end": 52,
          "start": 27,
          "type": "FULL"
        },
        {
          "end": 52,
          "start": 27,
          "type": "SHORT"
        },
        {
          "end": 33,
          "start": 31,
          "type": "CLIENT_INITIALIZATION"
        },
        {
          "end": 46,
          "start": 34,
          "type": "REQUEST_INITIALIZATION"
        },
        {
          "end": 49,
          "start": 47,
          "type": "REQUEST_EXECUTION"
        },
        {
          "end": 53,
          "start": 50,
          "type": "RESPONSE_HANDLING"
        }
      ]
    },
    {
      "clientMethod": {
        "async": true,
        "method": {
          "service": {
            "shortName": "Snippets"
          },
          "shortName": "MethodServerStreaming"
        }
      },
      "file": "mollusca_v1_generated_snippets_method_server_streaming_async.py",
      "regionTag": "mollusca_v1_generated_Snippets_MethodServerStreaming_async",
      "segments": [
        {
          "end": 53,
          "start": 27,
          "type": "FULL"
        },
        {
          "end": 53,
          "start": 27,
          "type": "SHORT"
        },
        {
          "end": 33,
          "start": 31,
          "type": "CLIENT_INITIALIZATION"
        },
        {
          "end": 46,
          "start": 34,
          "type": "REQUEST_INITIALIZATION"
        },
        {
          "end": 49,
          "start": 47,
          "type": "REQUEST_EXECUTION"
        },
        {
          "end": 54,
          "start": 50,
          "type": "RESPONSE_HANDLING"
        }
      ]
    },
    {
      "clientMethod": {
        "method": {
          "service": {
            "shortName": "Snippets"
          },
          "shortName": "MethodServerStreaming"
        }
      },
      "file": "mollusca_v1_generated_snippets_method_server_streaming_sync.py",
      "regionTag": "mollusca_v1_generated_Snippets_MethodServerStreaming_sync",
      "segments": [
        {
          "end": 53,
          "start": 27,
          "type": "FULL"
        },
        {
          "end": 53,
          "start": 27,
          "type": "SHORT"
        },
        {
          "end": 33,
          "start": 31,
          "type": "CLIENT_INITIALIZATION"
        },
        {
          "end": 46,
          "start": 34,
          "type": "REQUEST_INITIALIZATION"
        },
        {
          "end": 49,
          "start": 47,
          "type": "REQUEST_EXECUTION"
        },
        {
          "end": 54,
          "start": 50,
          "type": "RESPONSE_HANDLING"
        }
      ]
    },
    {
      "clientMethod": {
        "async": true,
        "method": {
          "service": {
            "shortName": "Snippets"
          },
          "shortName": "OneOfMethodRequiredField"
        }
      },
      "file": "mollusca_v1_generated_snippets_one_of_method_required_field_async.py",
      "regionTag": "mollusca_v1_generated_Snippets_OneOfMethodRequiredField_async",
      "segments": [
        {
          "end": 45,
          "start": 27,
          "type": "FULL"
        },
        {
          "end": 45,
          "start": 27,
          "type": "SHORT"
        },
        {
          "end": 33,
          "start": 31,
          "type": "CLIENT_INITIALIZATION"
        },
        {
          "end": 39,
          "start": 34,
          "type": "REQUEST_INITIALIZATION"
        },
        {
          "end": 42,
          "start": 40,
          "type": "REQUEST_EXECUTION"
        },
        {
          "end": 46,
          "start": 43,
          "type": "RESPONSE_HANDLING"
        }
      ]
    },
    {
      "clientMethod": {
        "method": {
          "service": {
            "shortName": "Snippets"
          },
          "shortName": "OneOfMethodRequiredField"
        }
      },
      "file": "mollusca_v1_generated_snippets_one_of_method_required_field_sync.py",
      "regionTag": "mollusca_v1_generated_Snippets_OneOfMethodRequiredField_sync",
      "segments": [
        {
          "end": 45,
          "start": 27,
          "type": "FULL"
        },
        {
          "end": 45,
          "start": 27,
          "type": "SHORT"
        },
        {
          "end": 33,
          "start": 31,
          "type": "CLIENT_INITIALIZATION"
        },
        {
          "end": 39,
          "start": 34,
          "type": "REQUEST_INITIALIZATION"
        },
        {
          "end": 42,
          "start": 40,
          "type": "REQUEST_EXECUTION"
        },
        {
          "end": 46,
          "start": 43,
          "type": "RESPONSE_HANDLING"
        }
      ]
    },
    {
      "clientMethod": {
        "async": true,
        "method": {
          "service": {
            "shortName": "Snippets"
          },
          "shortName": "OneOfMethod"
        }
      },
      "file": "mollusca_v1_generated_snippets_one_of_method_async.py",
      "regionTag": "mollusca_v1_generated_Snippets_OneOfMethod_async",
      "segments": [
        {
          "end": 45,
          "start": 27,
          "type": "FULL"
        },
        {
          "end": 45,
          "start": 27,
          "type": "SHORT"
        },
        {
          "end": 33,
          "start": 31,
          "type": "CLIENT_INITIALIZATION"
        },
        {
          "end": 39,
          "start": 34,
          "type": "REQUEST_INITIALIZATION"
        },
        {
          "end": 42,
          "start": 40,
          "type": "REQUEST_EXECUTION"
        },
        {
          "end": 46,
          "start": 43,
          "type": "RESPONSE_HANDLING"
        }
      ]
    },
    {
      "clientMethod": {
        "method": {
          "service": {
            "shortName": "Snippets"
          },
          "shortName": "OneOfMethod"
        }
      },
      "file": "mollusca_v1_generated_snippets_one_of_method_sync.py",
      "regionTag": "mollusca_v1_generated_Snippets_OneOfMethod_sync",
      "segments": [
        {
          "end": 45,
          "start": 27,
          "type": "FULL"
        },
        {
          "end": 45,
          "start": 27,
          "type": "SHORT"
        },
        {
          "end": 33,
          "start": 31,
          "type": "CLIENT_INITIALIZATION"
        },
        {
          "end": 39,
          "start": 34,
          "type": "REQUEST_INITIALIZATION"
        },
        {
          "end": 42,
          "start": 40,
          "type": "REQUEST_EXECUTION"
        },
        {
          "end": 46,
          "start": 43,
          "type": "RESPONSE_HANDLING"
        }
      ]
    }
  ]
}
