{
  "snippets": [
    {
      "clientMethod": {
        "method": {
          "fullName": "MethodServerStreaming",
          "service": {
            "shortName": "Snippets"
          }
        }
      },
      "file": "samples/generated_samples/mollusca_generated_mollusca_v1_snippets_method_server_streaming_sync.py",
      "regionTag": "mollusca_generated_mollusca_v1_Snippets_MethodServerStreaming_sync",
      "segment": [
        {
          "end": 51,
          "start": 27,
          "type": "FULL"
        },
        {
          "end": 51,
          "start": 27,
          "type": "SHORT"
        },
        {
          "end": 33,
          "start": 31,
          "type": "CLIENT_INITIALIZATION"
        },
        {
          "end": 46,
          "start": 34,
          "type": "REQUEST_INITIALIZATION"
        },
        {
          "start": 47,
          "type": "REQUEST_EXECUTION"
        },
        {
          "end": 52,
          "type": "RESPONSE_HANDLING"
        }
      ]
    },
    {
      "clientMethod": {
        "method": {
          "fullName": "OneOfMethodRequiredField",
          "service": {
            "shortName": "Snippets"
          }
        }
      },
      "file": "samples/generated_samples/mollusca_generated_mollusca_v1_snippets_one_of_method_required_field_sync.py",
      "regionTag": "mollusca_generated_mollusca_v1_Snippets_OneOfMethodRequiredField_sync",
      "segment": [
        {
          "end": 45,
          "start": 27,
          "type": "FULL"
        },
        {
          "end": 45,
          "start": 27,
          "type": "SHORT"
        },
        {
          "end": 33,
          "start": 31,
          "type": "CLIENT_INITIALIZATION"
        },
        {
          "end": 39,
          "start": 34,
          "type": "REQUEST_INITIALIZATION"
        },
        {
          "end": 42,
          "start": 40,
          "type": "REQUEST_EXECUTION"
        },
        {
          "end": 46,
          "start": 43,
          "type": "RESPONSE_HANDLING"
        }
      ]
    },
    {
      "clientMethod": {
        "method": {
          "fullName": "OneOfMethod",
          "service": {
            "shortName": "Snippets"
          }
        }
      },
      "file": "samples/generated_samples/mollusca_generated_mollusca_v1_snippets_one_of_method_sync.py",
      "regionTag": "mollusca_generated_mollusca_v1_Snippets_OneOfMethod_sync",
      "segment": [
        {
          "end": 45,
          "start": 27,
          "type": "FULL"
        },
        {
          "end": 45,
          "start": 27,
          "type": "SHORT"
        },
        {
          "end": 33,
          "start": 31,
          "type": "CLIENT_INITIALIZATION"
        },
        {
          "end": 39,
          "start": 34,
          "type": "REQUEST_INITIALIZATION"
        },
        {
          "end": 42,
          "start": 40,
          "type": "REQUEST_EXECUTION"
        },
        {
          "end": 46,
          "start": 43,
          "type": "RESPONSE_HANDLING"
        }
      ]
    },
    {
      "clientMethod": {
        "method": {
          "fullName": "MethodBidiStreaming",
          "service": {
            "shortName": "Snippets"
          }
        }
      },
      "file": "samples/generated_samples/mollusca_generated_mollusca_v1_snippets_method_bidi_streaming_sync.py",
      "regionTag": "mollusca_generated_mollusca_v1_Snippets_MethodBidiStreaming_sync",
      "segment": [
        {
          "end": 52,
          "start": 27,
          "type": "FULL"
        },
        {
          "end": 52,
          "start": 27,
          "type": "SHORT"
        },
        {
          "end": 33,
          "start": 31,
          "type": "CLIENT_INITIALIZATION"
        },
        {
          "end": 47,
          "start": 34,
          "type": "REQUEST_INITIALIZATION"
        },
        {
          "start": 48,
          "type": "REQUEST_EXECUTION"
        },
        {
          "end": 53,
          "type": "RESPONSE_HANDLING"
        }
      ]
    },
    {
      "clientMethod": {
        "method": {
          "fullName": "ListResources",
          "service": {
            "shortName": "Snippets"
          }
        }
      },
      "file": "samples/generated_samples/mollusca_generated_mollusca_v1_snippets_list_resources_sync.py",
      "regionTag": "mollusca_generated_mollusca_v1_Snippets_ListResources_sync",
      "segment": [
        {
          "end": 52,
          "start": 27,
          "type": "FULL"
        },
        {
          "end": 52,
          "start": 27,
          "type": "SHORT"
        },
        {
          "end": 33,
          "start": 31,
          "type": "CLIENT_INITIALIZATION"
        },
        {
          "end": 47,
          "start": 34,
          "type": "REQUEST_INITIALIZATION"
        },
        {
          "start": 48,
          "type": "REQUEST_EXECUTION"
        },
        {
          "end": 53,
          "type": "RESPONSE_HANDLING"
        }
      ]
    },
    {
      "clientMethod": {
        "method": {
          "fullName": "MethodOneSignature",
          "service": {
            "shortName": "Snippets"
          }
        }
      },
      "file": "samples/generated_samples/mollusca_generated_mollusca_v1_snippets_method_one_signature_sync.py",
      "regionTag": "mollusca_generated_mollusca_v1_Snippets_MethodOneSignature_sync",
      "segment": [
        {
          "end": 52,
          "start": 27,
          "type": "FULL"
        },
        {
          "end": 52,
          "start": 27,
          "type": "SHORT"
        },
        {
          "end": 33,
          "start": 31,
          "type": "CLIENT_INITIALIZATION"
        },
        {
          "end": 46,
          "start": 34,
          "type": "REQUEST_INITIALIZATION"
        },
        {
          "end": 49,
          "start": 47,
          "type": "REQUEST_EXECUTION"
        },
        {
          "end": 53,
          "start": 50,
          "type": "RESPONSE_HANDLING"
        }
      ]
    },
    {
      "clientMethod": {
        "method": {
          "fullName": "MethodLroSignatures",
          "service": {
            "shortName": "Snippets"
          }
        }
      },
      "file": "samples/generated_samples/mollusca_generated_mollusca_v1_snippets_method_lro_signatures_sync.py",
      "regionTag": "mollusca_generated_mollusca_v1_Snippets_MethodLroSignatures_sync",
      "segment": [
        {
          "end": 54,
          "start": 27,
          "type": "FULL"
        },
        {
          "end": 54,
          "start": 27,
          "type": "SHORT"
        },
        {
          "end": 33,
          "start": 31,
          "type": "CLIENT_INITIALIZATION"
        },
        {
          "end": 46,
          "start": 34,
          "type": "REQUEST_INITIALIZATION"
        },
        {
          "start": 47,
          "type": "REQUEST_EXECUTION"
        },
        {
          "end": 55,
          "type": "RESPONSE_HANDLING"
        }
      ]
    },
    {
      "clientMethod": {
        "async": true,
        "method": {
          "fullName": "MethodBidiStreaming",
          "service": {
            "shortName": "Snippets"
          }
        }
      },
      "file": "samples/generated_samples/mollusca_generated_mollusca_v1_snippets_method_bidi_streaming_async.py",
      "regionTag": "mollusca_generated_mollusca_v1_Snippets_MethodBidiStreaming_async",
      "segment": [
        {
          "end": 52,
          "start": 27,
          "type": "FULL"
        },
        {
          "end": 52,
          "start": 27,
          "type": "SHORT"
        },
        {
          "end": 33,
          "start": 31,
          "type": "CLIENT_INITIALIZATION"
        },
        {
          "end": 47,
          "start": 34,
          "type": "REQUEST_INITIALIZATION"
        },
        {
          "start": 48,
          "type": "REQUEST_EXECUTION"
        },
        {
          "end": 53,
          "type": "RESPONSE_HANDLING"
        }
      ]
    },
    {
      "clientMethod": {
        "async": true,
        "method": {
          "fullName": "ListResources",
          "service": {
            "shortName": "Snippets"
          }
        }
      },
      "file": "samples/generated_samples/mollusca_generated_mollusca_v1_snippets_list_resources_async.py",
      "regionTag": "mollusca_generated_mollusca_v1_Snippets_ListResources_async",
      "segment": [
        {
          "end": 52,
          "start": 27,
          "type": "FULL"
        },
        {
          "end": 52,
          "start": 27,
          "type": "SHORT"
        },
        {
          "end": 33,
          "start": 31,
          "type": "CLIENT_INITIALIZATION"
        },
        {
          "end": 47,
          "start": 34,
          "type": "REQUEST_INITIALIZATION"
        },
        {
          "start": 48,
          "type": "REQUEST_EXECUTION"
        },
        {
          "end": 53,
          "type": "RESPONSE_HANDLING"
        }
      ]
    },
    {
      "clientMethod": {
        "async": true,
        "method": {
          "fullName": "OneOfMethodRequiredField",
          "service": {
            "shortName": "Snippets"
          }
        }
      },
      "file": "samples/generated_samples/mollusca_generated_mollusca_v1_snippets_one_of_method_required_field_async.py",
      "regionTag": "mollusca_generated_mollusca_v1_Snippets_OneOfMethodRequiredField_async",
      "segment": [
        {
          "end": 45,
          "start": 27,
          "type": "FULL"
        },
        {
          "end": 45,
          "start": 27,
          "type": "SHORT"
        },
        {
          "end": 33,
          "start": 31,
          "type": "CLIENT_INITIALIZATION"
        },
        {
          "end": 39,
          "start": 34,
          "type": "REQUEST_INITIALIZATION"
        },
        {
          "end": 42,
          "start": 40,
          "type": "REQUEST_EXECUTION"
        },
        {
          "end": 46,
          "start": 43,
          "type": "RESPONSE_HANDLING"
        }
      ]
    },
    {
      "clientMethod": {
        "async": true,
        "method": {
          "fullName": "MethodServerStreaming",
          "service": {
            "shortName": "Snippets"
          }
        }
      },
      "file": "samples/generated_samples/mollusca_generated_mollusca_v1_snippets_method_server_streaming_async.py",
      "regionTag": "mollusca_generated_mollusca_v1_Snippets_MethodServerStreaming_async",
      "segment": [
        {
          "end": 51,
          "start": 27,
          "type": "FULL"
        },
        {
          "end": 51,
          "start": 27,
          "type": "SHORT"
        },
        {
          "end": 33,
          "start": 31,
          "type": "CLIENT_INITIALIZATION"
        },
        {
          "end": 46,
          "start": 34,
          "type": "REQUEST_INITIALIZATION"
        },
        {
          "start": 47,
          "type": "REQUEST_EXECUTION"
        },
        {
          "end": 52,
          "type": "RESPONSE_HANDLING"
        }
      ]
    },
    {
      "clientMethod": {
        "async": true,
        "method": {
          "fullName": "OneOfMethod",
          "service": {
            "shortName": "Snippets"
          }
        }
      },
      "file": "samples/generated_samples/mollusca_generated_mollusca_v1_snippets_one_of_method_async.py",
      "regionTag": "mollusca_generated_mollusca_v1_Snippets_OneOfMethod_async",
      "segment": [
        {
          "end": 45,
          "start": 27,
          "type": "FULL"
        },
        {
          "end": 45,
          "start": 27,
          "type": "SHORT"
        },
        {
          "end": 33,
          "start": 31,
          "type": "CLIENT_INITIALIZATION"
        },
        {
          "end": 39,
          "start": 34,
          "type": "REQUEST_INITIALIZATION"
        },
        {
          "end": 42,
          "start": 40,
          "type": "REQUEST_EXECUTION"
        },
        {
          "end": 46,
          "start": 43,
          "type": "RESPONSE_HANDLING"
        }
      ]
    },
    {
      "clientMethod": {
        "async": true,
        "method": {
          "fullName": "MethodOneSignature",
          "service": {
            "shortName": "Snippets"
          }
        }
      },
      "file": "samples/generated_samples/mollusca_generated_mollusca_v1_snippets_method_one_signature_async.py",
      "regionTag": "mollusca_generated_mollusca_v1_Snippets_MethodOneSignature_async",
      "segment": [
        {
          "end": 52,
          "start": 27,
          "type": "FULL"
        },
        {
          "end": 52,
          "start": 27,
          "type": "SHORT"
        },
        {
          "end": 33,
          "start": 31,
          "type": "CLIENT_INITIALIZATION"
        },
        {
          "end": 46,
          "start": 34,
          "type": "REQUEST_INITIALIZATION"
        },
        {
          "end": 49,
          "start": 47,
          "type": "REQUEST_EXECUTION"
        },
        {
          "end": 53,
          "start": 50,
          "type": "RESPONSE_HANDLING"
        }
      ]
    },
    {
      "clientMethod": {
        "async": true,
        "method": {
          "fullName": "MethodLroSignatures",
          "service": {
            "shortName": "Snippets"
          }
        }
      },
      "file": "samples/generated_samples/mollusca_generated_mollusca_v1_snippets_method_lro_signatures_async.py",
      "regionTag": "mollusca_generated_mollusca_v1_Snippets_MethodLroSignatures_async",
      "segment": [
        {
          "end": 54,
          "start": 27,
          "type": "FULL"
        },
        {
          "end": 54,
          "start": 27,
          "type": "SHORT"
        },
        {
          "end": 33,
          "start": 31,
          "type": "CLIENT_INITIALIZATION"
        },
        {
          "end": 46,
          "start": 34,
          "type": "REQUEST_INITIALIZATION"
        },
        {
          "start": 47,
          "type": "REQUEST_EXECUTION"
        },
        {
          "end": 55,
          "type": "RESPONSE_HANDLING"
        }
      ]
    }
  ]
}
