{
  "snippets": [
    {
      "clientMethod": {
        "async": true,
        "method": {
          "service": {
            "shortName": "CloudRedis"
          },
          "shortName": "CreateInstance"
        }
      },
      "file": "redis_v1_generated_cloud_redis_create_instance_async.py",
      "regionTag": "redis_v1_generated_CloudRedis_CreateInstance_async",
      "segments": [
        {
          "end": 55,
          "start": 27,
          "type": "FULL"
        },
        {
          "end": 55,
          "start": 27,
          "type": "SHORT"
        },
        {
          "end": 33,
          "start": 31,
          "type": "CLIENT_INITIALIZATION"
        },
        {
          "end": 45,
          "start": 34,
          "type": "REQUEST_INITIALIZATION"
        },
        {
          "end": 52,
          "start": 46,
          "type": "REQUEST_EXECUTION"
        },
        {
          "end": 56,
          "start": 53,
          "type": "RESPONSE_HANDLING"
        }
      ]
    },
    {
      "clientMethod": {
        "method": {
          "service": {
            "shortName": "CloudRedis"
          },
          "shortName": "CreateInstance"
        }
      },
      "file": "redis_v1_generated_cloud_redis_create_instance_sync.py",
      "regionTag": "redis_v1_generated_CloudRedis_CreateInstance_sync",
      "segments": [
        {
          "end": 55,
          "start": 27,
          "type": "FULL"
        },
        {
          "end": 55,
          "start": 27,
          "type": "SHORT"
        },
        {
          "end": 33,
          "start": 31,
          "type": "CLIENT_INITIALIZATION"
        },
        {
          "end": 45,
          "start": 34,
          "type": "REQUEST_INITIALIZATION"
        },
        {
          "end": 52,
          "start": 46,
          "type": "REQUEST_EXECUTION"
        },
        {
          "end": 56,
          "start": 53,
          "type": "RESPONSE_HANDLING"
        }
      ]
    },
    {
      "clientMethod": {
        "async": true,
        "method": {
          "service": {
            "shortName": "CloudRedis"
          },
          "shortName": "DeleteInstance"
        }
      },
      "file": "redis_v1_generated_cloud_redis_delete_instance_async.py",
      "regionTag": "redis_v1_generated_CloudRedis_DeleteInstance_async",
      "segments": [
        {
          "end": 48,
          "start": 27,
          "type": "FULL"
        },
        {
          "end": 48,
          "start": 27,
          "type": "SHORT"
        },
        {
          "end": 33,
          "start": 31,
          "type": "CLIENT_INITIALIZATION"
        },
        {
          "end": 38,
          "start": 34,
          "type": "REQUEST_INITIALIZATION"
        },
        {
          "end": 45,
          "start": 39,
          "type": "REQUEST_EXECUTION"
        },
        {
          "end": 49,
          "start": 46,
          "type": "RESPONSE_HANDLING"
        }
      ]
    },
    {
      "clientMethod": {
        "method": {
          "service": {
            "shortName": "CloudRedis"
          },
          "shortName": "DeleteInstance"
        }
      },
      "file": "redis_v1_generated_cloud_redis_delete_instance_sync.py",
      "regionTag": "redis_v1_generated_CloudRedis_DeleteInstance_sync",
      "segments": [
        {
          "end": 48,
          "start": 27,
          "type": "FULL"
        },
        {
          "end": 48,
          "start": 27,
          "type": "SHORT"
        },
        {
          "end": 33,
          "start": 31,
          "type": "CLIENT_INITIALIZATION"
        },
        {
          "end": 38,
          "start": 34,
          "type": "REQUEST_INITIALIZATION"
        },
        {
          "end": 45,
          "start": 39,
          "type": "REQUEST_EXECUTION"
        },
        {
          "end": 49,
          "start": 46,
          "type": "RESPONSE_HANDLING"
        }
      ]
    },
    {
      "clientMethod": {
        "async": true,
        "method": {
          "service": {
            "shortName": "CloudRedis"
          },
          "shortName": "ExportInstance"
        }
      },
      "file": "redis_v1_generated_cloud_redis_export_instance_async.py",
      "regionTag": "redis_v1_generated_CloudRedis_ExportInstance_async",
      "segments": [
        {
          "end": 52,
          "start": 27,
          "type": "FULL"
        },
        {
          "end": 52,
          "start": 27,
          "type": "SHORT"
        },
        {
          "end": 33,
          "start": 31,
          "type": "CLIENT_INITIALIZATION"
        },
        {
          "end": 42,
          "start": 34,
          "type": "REQUEST_INITIALIZATION"
        },
        {
          "end": 49,
          "start": 43,
          "type": "REQUEST_EXECUTION"
        },
        {
          "end": 53,
          "start": 50,
          "type": "RESPONSE_HANDLING"
        }
      ]
    },
    {
      "clientMethod": {
        "method": {
          "service": {
            "shortName": "CloudRedis"
          },
          "shortName": "ExportInstance"
        }
      },
      "file": "redis_v1_generated_cloud_redis_export_instance_sync.py",
      "regionTag": "redis_v1_generated_CloudRedis_ExportInstance_sync",
      "segments": [
        {
          "end": 52,
          "start": 27,
          "type": "FULL"
        },
        {
          "end": 52,
          "start": 27,
          "type": "SHORT"
        },
        {
          "end": 33,
          "start": 31,
          "type": "CLIENT_INITIALIZATION"
        },
        {
          "end": 42,
          "start": 34,
          "type": "REQUEST_INITIALIZATION"
        },
        {
          "end": 49,
          "start": 43,
          "type": "REQUEST_EXECUTION"
        },
        {
          "end": 53,
          "start": 50,
          "type": "RESPONSE_HANDLING"
        }
      ]
    },
    {
      "clientMethod": {
        "async": true,
        "method": {
          "service": {
            "shortName": "CloudRedis"
          },
          "shortName": "FailoverInstance"
        }
      },
      "file": "redis_v1_generated_cloud_redis_failover_instance_async.py",
      "regionTag": "redis_v1_generated_CloudRedis_FailoverInstance_async",
      "segments": [
        {
          "end": 48,
          "start": 27,
          "type": "FULL"
        },
        {
          "end": 48,
          "start": 27,
          "type": "SHORT"
        },
        {
          "end": 33,
          "start": 31,
          "type": "CLIENT_INITIALIZATION"
        },
        {
          "end": 38,
          "start": 34,
          "type": "REQUEST_INITIALIZATION"
        },
        {
          "end": 45,
          "start": 39,
          "type": "REQUEST_EXECUTION"
        },
        {
          "end": 49,
          "start": 46,
          "type": "RESPONSE_HANDLING"
        }
      ]
    },
    {
      "clientMethod": {
        "method": {
          "service": {
            "shortName": "CloudRedis"
          },
          "shortName": "FailoverInstance"
        }
      },
      "file": "redis_v1_generated_cloud_redis_failover_instance_sync.py",
      "regionTag": "redis_v1_generated_CloudRedis_FailoverInstance_sync",
      "segments": [
        {
          "end": 48,
          "start": 27,
          "type": "FULL"
        },
        {
          "end": 48,
          "start": 27,
          "type": "SHORT"
        },
        {
          "end": 33,
          "start": 31,
          "type": "CLIENT_INITIALIZATION"
        },
        {
          "end": 38,
          "start": 34,
          "type": "REQUEST_INITIALIZATION"
        },
        {
          "end": 45,
          "start": 39,
          "type": "REQUEST_EXECUTION"
        },
        {
          "end": 49,
          "start": 46,
          "type": "RESPONSE_HANDLING"
        }
      ]
    },
    {
      "clientMethod": {
        "async": true,
        "method": {
          "service": {
            "shortName": "CloudRedis"
          },
          "shortName": "GetInstance"
        }
      },
      "file": "redis_v1_generated_cloud_redis_get_instance_async.py",
      "regionTag": "redis_v1_generated_CloudRedis_GetInstance_async",
      "segments": [
        {
          "end": 44,
          "start": 27,
          "type": "FULL"
        },
        {
          "end": 44,
          "start": 27,
          "type": "SHORT"
        },
        {
          "end": 33,
          "start": 31,
          "type": "CLIENT_INITIALIZATION"
        },
        {
          "end": 38,
          "start": 34,
          "type": "REQUEST_INITIALIZATION"
        },
        {
          "end": 41,
          "start": 39,
          "type": "REQUEST_EXECUTION"
        },
        {
          "end": 45,
          "start": 42,
          "type": "RESPONSE_HANDLING"
        }
      ]
    },
    {
      "clientMethod": {
        "method": {
          "service": {
            "shortName": "CloudRedis"
          },
          "shortName": "GetInstance"
        }
      },
      "file": "redis_v1_generated_cloud_redis_get_instance_sync.py",
      "regionTag": "redis_v1_generated_CloudRedis_GetInstance_sync",
      "segments": [
        {
          "end": 44,
          "start": 27,
          "type": "FULL"
        },
        {
          "end": 44,
          "start": 27,
          "type": "SHORT"
        },
        {
          "end": 33,
          "start": 31,
          "type": "CLIENT_INITIALIZATION"
        },
        {
          "end": 38,
          "start": 34,
          "type": "REQUEST_INITIALIZATION"
        },
        {
          "end": 41,
          "start": 39,
          "type": "REQUEST_EXECUTION"
        },
        {
          "end": 45,
          "start": 42,
          "type": "RESPONSE_HANDLING"
        }
      ]
    },
    {
      "clientMethod": {
        "async": true,
        "method": {
          "service": {
            "shortName": "CloudRedis"
          },
          "shortName": "ImportInstance"
        }
      },
      "file": "redis_v1_generated_cloud_redis_import_instance_async.py",
      "regionTag": "redis_v1_generated_CloudRedis_ImportInstance_async",
      "segments": [
        {
          "end": 52,
          "start": 27,
          "type": "FULL"
        },
        {
          "end": 52,
          "start": 27,
          "type": "SHORT"
        },
        {
          "end": 33,
          "start": 31,
          "type": "CLIENT_INITIALIZATION"
        },
        {
          "end": 42,
          "start": 34,
          "type": "REQUEST_INITIALIZATION"
        },
        {
          "end": 49,
          "start": 43,
          "type": "REQUEST_EXECUTION"
        },
        {
          "end": 53,
          "start": 50,
          "type": "RESPONSE_HANDLING"
        }
      ]
    },
    {
      "clientMethod": {
        "method": {
          "service": {
            "shortName": "CloudRedis"
          },
          "shortName": "ImportInstance"
        }
      },
      "file": "redis_v1_generated_cloud_redis_import_instance_sync.py",
      "regionTag": "redis_v1_generated_CloudRedis_ImportInstance_sync",
      "segments": [
        {
          "end": 52,
          "start": 27,
          "type": "FULL"
        },
        {
          "end": 52,
          "start": 27,
          "type": "SHORT"
        },
        {
          "end": 33,
          "start": 31,
          "type": "CLIENT_INITIALIZATION"
        },
        {
          "end": 42,
          "start": 34,
          "type": "REQUEST_INITIALIZATION"
        },
        {
          "end": 49,
          "start": 43,
          "type": "REQUEST_EXECUTION"
        },
        {
          "end": 53,
          "start": 50,
          "type": "RESPONSE_HANDLING"
        }
      ]
    },
    {
      "clientMethod": {
        "async": true,
        "method": {
          "service": {
            "shortName": "CloudRedis"
          },
          "shortName": "ListInstances"
        }
      },
      "file": "redis_v1_generated_cloud_redis_list_instances_async.py",
      "regionTag": "redis_v1_generated_CloudRedis_ListInstances_async",
      "segments": [
        {
          "end": 45,
          "start": 27,
          "type": "FULL"
        },
        {
          "end": 45,
          "start": 27,
          "type": "SHORT"
        },
        {
          "end": 33,
          "start": 31,
          "type": "CLIENT_INITIALIZATION"
        },
        {
          "end": 38,
          "start": 34,
          "type": "REQUEST_INITIALIZATION"
        },
        {
          "end": 41,
          "start": 39,
          "type": "REQUEST_EXECUTION"
        },
        {
          "end": 46,
          "start": 42,
          "type": "RESPONSE_HANDLING"
        }
      ]
    },
    {
      "clientMethod": {
        "method": {
          "service": {
            "shortName": "CloudRedis"
          },
          "shortName": "ListInstances"
        }
      },
      "file": "redis_v1_generated_cloud_redis_list_instances_sync.py",
      "regionTag": "redis_v1_generated_CloudRedis_ListInstances_sync",
      "segments": [
        {
          "end": 45,
          "start": 27,
          "type": "FULL"
        },
        {
          "end": 45,
          "start": 27,
          "type": "SHORT"
        },
        {
          "end": 33,
          "start": 31,
          "type": "CLIENT_INITIALIZATION"
        },
        {
          "end": 38,
          "start": 34,
          "type": "REQUEST_INITIALIZATION"
        },
        {
          "end": 41,
          "start": 39,
          "type": "REQUEST_EXECUTION"
        },
        {
          "end": 46,
          "start": 42,
          "type": "RESPONSE_HANDLING"
        }
      ]
    },
    {
      "clientMethod": {
        "async": true,
        "method": {
          "service": {
            "shortName": "CloudRedis"
          },
          "shortName": "UpdateInstance"
        }
      },
      "file": "redis_v1_generated_cloud_redis_update_instance_async.py",
      "regionTag": "redis_v1_generated_CloudRedis_UpdateInstance_async",
      "segments": [
        {
          "end": 53,
          "start": 27,
          "type": "FULL"
        },
        {
          "end": 53,
          "start": 27,
          "type": "SHORT"
        },
        {
          "end": 33,
          "start": 31,
          "type": "CLIENT_INITIALIZATION"
        },
        {
          "end": 43,
          "start": 34,
          "type": "REQUEST_INITIALIZATION"
        },
        {
          "end": 50,
          "start": 44,
          "type": "REQUEST_EXECUTION"
        },
        {
          "end": 54,
          "start": 51,
          "type": "RESPONSE_HANDLING"
        }
      ]
    },
    {
      "clientMethod": {
        "method": {
          "service": {
            "shortName": "CloudRedis"
          },
          "shortName": "UpdateInstance"
        }
      },
      "file": "redis_v1_generated_cloud_redis_update_instance_sync.py",
      "regionTag": "redis_v1_generated_CloudRedis_UpdateInstance_sync",
      "segments": [
        {
          "end": 53,
          "start": 27,
          "type": "FULL"
        },
        {
          "end": 53,
          "start": 27,
          "type": "SHORT"
        },
        {
          "end": 33,
          "start": 31,
          "type": "CLIENT_INITIALIZATION"
        },
        {
          "end": 43,
          "start": 34,
          "type": "REQUEST_INITIALIZATION"
        },
        {
          "end": 50,
          "start": 44,
          "type": "REQUEST_EXECUTION"
        },
        {
          "end": 54,
          "start": 51,
          "type": "RESPONSE_HANDLING"
        }
      ]
    },
    {
      "clientMethod": {
        "async": true,
        "method": {
          "service": {
            "shortName": "CloudRedis"
          },
          "shortName": "UpgradeInstance"
        }
      },
      "file": "redis_v1_generated_cloud_redis_upgrade_instance_async.py",
      "regionTag": "redis_v1_generated_CloudRedis_UpgradeInstance_async",
      "segments": [
        {
          "end": 49,
          "start": 27,
          "type": "FULL"
        },
        {
          "end": 49,
          "start": 27,
          "type": "SHORT"
        },
        {
          "end": 33,
          "start": 31,
          "type": "CLIENT_INITIALIZATION"
        },
        {
          "end": 39,
          "start": 34,
          "type": "REQUEST_INITIALIZATION"
        },
        {
          "end": 46,
          "start": 40,
          "type": "REQUEST_EXECUTION"
        },
        {
          "end": 50,
          "start": 47,
          "type": "RESPONSE_HANDLING"
        }
      ]
    },
    {
      "clientMethod": {
        "method": {
          "service": {
            "shortName": "CloudRedis"
          },
          "shortName": "UpgradeInstance"
        }
      },
      "file": "redis_v1_generated_cloud_redis_upgrade_instance_sync.py",
      "regionTag": "redis_v1_generated_CloudRedis_UpgradeInstance_sync",
      "segments": [
        {
          "end": 49,
          "start": 27,
          "type": "FULL"
        },
        {
          "end": 49,
          "start": 27,
          "type": "SHORT"
        },
        {
          "end": 33,
          "start": 31,
          "type": "CLIENT_INITIALIZATION"
        },
        {
          "end": 39,
          "start": 34,
          "type": "REQUEST_INITIALIZATION"
        },
        {
          "end": 46,
          "start": 40,
          "type": "REQUEST_EXECUTION"
        },
        {
          "end": 50,
          "start": 47,
          "type": "RESPONSE_HANDLING"
        }
      ]
    }
  ]
}
