{
  "snippets": [
    {
      "regionTag": "redis_generated_redis_v1_CloudRedis_UpdateInstance_sync",
      "file": "samples/generated_samples/redis_generated_redis_v1_cloud_redis_update_instance_sync.py",
      "clientMethod": {
        "method": {
          "fullName": "UpdateInstance",
          "service": {
            "shortName": "CloudRedis"
          }
        }
      },
      "segments": [
        {
          "start": 27,
          "end": 51,
          "type": "FULL"
        },
        {
          "start": 27,
          "end": 51,
          "type": "SHORT"
        },
        {
          "start": 31,
          "end": 33,
          "type": "CLIENT_INITIALIZATION"
        },
        {
          "start": 34,
          "end": 43,
          "type": "REQUEST_INITIALIZATION"
        },
        {
          "start": 44,
          "type": "REQUEST_EXECUTION"
        },
        {
          "end": 52,
          "type": "RESPONSE_HANDLING"
        }
      ]
    },
    {
      "regionTag": "redis_generated_redis_v1_CloudRedis_DeleteInstance_sync",
      "file": "samples/generated_samples/redis_generated_redis_v1_cloud_redis_delete_instance_sync.py",
      "clientMethod": {
        "method": {
          "fullName": "DeleteInstance",
          "service": {
            "shortName": "CloudRedis"
          }
        }
      },
      "segments": [
        {
          "start": 27,
          "end": 51,
          "type": "FULL"
        },
        {
          "start": 27,
          "end": 51,
          "type": "SHORT"
        },
        {
          "start": 31,
          "end": 33,
          "type": "CLIENT_INITIALIZATION"
        },
        {
          "start": 34,
          "end": 43,
          "type": "REQUEST_INITIALIZATION"
        },
        {
          "start": 44,
          "type": "REQUEST_EXECUTION"
        },
        {
          "end": 52,
          "type": "RESPONSE_HANDLING"
        }
      ]
    },
    {
      "regionTag": "redis_generated_redis_v1_CloudRedis_ExportInstance_sync",
      "file": "samples/generated_samples/redis_generated_redis_v1_cloud_redis_export_instance_sync.py",
      "clientMethod": {
        "method": {
          "fullName": "ExportInstance",
          "service": {
            "shortName": "CloudRedis"
          }
        }
      },
      "segments": [
        {
          "start": 27,
          "end": 50,
          "type": "FULL"
        },
        {
          "start": 27,
          "end": 50,
          "type": "SHORT"
        },
        {
          "start": 31,
          "end": 33,
          "type": "CLIENT_INITIALIZATION"
        },
        {
          "start": 34,
          "end": 42,
          "type": "REQUEST_INITIALIZATION"
        },
        {
          "start": 43,
          "type": "REQUEST_EXECUTION"
        },
        {
          "end": 51,
          "type": "RESPONSE_HANDLING"
        }
      ]
    },
    {
      "regionTag": "redis_generated_redis_v1_CloudRedis_GetInstance_sync",
      "file": "samples/generated_samples/redis_generated_redis_v1_cloud_redis_get_instance_sync.py",
      "clientMethod": {
        "method": {
          "fullName": "GetInstance",
          "service": {
            "shortName": "CloudRedis"
          }
        }
      },
      "segments": [
        {
          "start": 27,
          "end": 49,
          "type": "FULL"
        },
        {
          "start": 27,
          "end": 49,
          "type": "SHORT"
        },
        {
          "start": 31,
          "end": 33,
          "type": "CLIENT_INITIALIZATION"
        },
        {
          "start": 34,
          "end": 43,
          "type": "REQUEST_INITIALIZATION"
        },
        {
          "start": 44,
          "end": 46,
          "type": "REQUEST_EXECUTION"
        },
        {
          "start": 47,
          "end": 50,
          "type": "RESPONSE_HANDLING"
        }
      ]
    },
    {
      "regionTag": "redis_generated_redis_v1_CloudRedis_UpgradeInstance_sync",
      "file": "samples/generated_samples/redis_generated_redis_v1_cloud_redis_upgrade_instance_sync.py",
      "clientMethod": {
        "method": {
          "fullName": "UpgradeInstance",
          "service": {
            "shortName": "CloudRedis"
          }
        }
      },
      "segments": [
        {
          "start": 27,
          "end": 52,
          "type": "FULL"
        },
        {
          "start": 27,
          "end": 52,
          "type": "SHORT"
        },
        {
          "start": 31,
          "end": 33,
          "type": "CLIENT_INITIALIZATION"
        },
        {
          "start": 34,
          "end": 44,
          "type": "REQUEST_INITIALIZATION"
        },
        {
          "start": 45,
          "type": "REQUEST_EXECUTION"
        },
        {
          "end": 53,
          "type": "RESPONSE_HANDLING"
        }
      ]
    },
    {
      "regionTag": "redis_generated_redis_v1_CloudRedis_CreateInstance_sync",
      "file": "samples/generated_samples/redis_generated_redis_v1_cloud_redis_create_instance_sync.py",
      "clientMethod": {
        "method": {
          "fullName": "CreateInstance",
          "service": {
            "shortName": "CloudRedis"
          }
        }
      },
      "segments": [
        {
          "start": 27,
          "end": 57,
          "type": "FULL"
        },
        {
          "start": 27,
          "end": 57,
          "type": "SHORT"
        },
        {
          "start": 31,
          "end": 33,
          "type": "CLIENT_INITIALIZATION"
        },
        {
          "start": 34,
          "end": 49,
          "type": "REQUEST_INITIALIZATION"
        },
        {
          "start": 50,
          "type": "REQUEST_EXECUTION"
        },
        {
          "end": 58,
          "type": "RESPONSE_HANDLING"
        }
      ]
    },
    {
      "regionTag": "redis_generated_redis_v1_CloudRedis_FailoverInstance_sync",
      "file": "samples/generated_samples/redis_generated_redis_v1_cloud_redis_failover_instance_sync.py",
      "clientMethod": {
        "method": {
          "fullName": "FailoverInstance",
          "service": {
            "shortName": "CloudRedis"
          }
        }
      },
      "segments": [
        {
          "start": 27,
          "end": 51,
          "type": "FULL"
        },
        {
          "start": 27,
          "end": 51,
          "type": "SHORT"
        },
        {
          "start": 31,
          "end": 33,
          "type": "CLIENT_INITIALIZATION"
        },
        {
          "start": 34,
          "end": 43,
          "type": "REQUEST_INITIALIZATION"
        },
        {
          "start": 44,
          "type": "REQUEST_EXECUTION"
        },
        {
          "end": 52,
          "type": "RESPONSE_HANDLING"
        }
      ]
    },
    {
      "regionTag": "redis_generated_redis_v1_CloudRedis_ListInstances_sync",
      "file": "samples/generated_samples/redis_generated_redis_v1_cloud_redis_list_instances_sync.py",
      "clientMethod": {
        "method": {
          "fullName": "ListInstances",
          "service": {
            "shortName": "CloudRedis"
          }
        }
      },
      "segments": [
        {
          "start": 27,
          "end": 47,
          "type": "FULL"
        },
        {
          "start": 27,
          "end": 47,
          "type": "SHORT"
        },
        {
          "start": 31,
          "end": 33,
          "type": "CLIENT_INITIALIZATION"
        },
        {
          "start": 34,
          "end": 42,
          "type": "REQUEST_INITIALIZATION"
        },
        {
          "start": 43,
          "type": "REQUEST_EXECUTION"
        },
        {
          "end": 48,
          "type": "RESPONSE_HANDLING"
        }
      ]
    },
    {
      "regionTag": "redis_generated_redis_v1_CloudRedis_ImportInstance_sync",
      "file": "samples/generated_samples/redis_generated_redis_v1_cloud_redis_import_instance_sync.py",
      "clientMethod": {
        "method": {
          "fullName": "ImportInstance",
          "service": {
            "shortName": "CloudRedis"
          }
        }
      },
      "segments": [
        {
          "start": 27,
          "end": 50,
          "type": "FULL"
        },
        {
          "start": 27,
          "end": 50,
          "type": "SHORT"
        },
        {
          "start": 31,
          "end": 33,
          "type": "CLIENT_INITIALIZATION"
        },
        {
          "start": 34,
          "end": 42,
          "type": "REQUEST_INITIALIZATION"
        },
        {
          "start": 43,
          "type": "REQUEST_EXECUTION"
        },
        {
          "end": 51,
          "type": "RESPONSE_HANDLING"
        }
      ]
    },
    {
      "regionTag": "redis_generated_redis_v1_CloudRedis_FailoverInstance_async",
      "file": "samples/generated_samples/redis_generated_redis_v1_cloud_redis_failover_instance_async.py",
      "clientMethod": {
        "async": true,
        "method": {
          "fullName": "FailoverInstance",
          "service": {
            "shortName": "CloudRedis"
          }
        }
      },
      "segments": [
        {
          "start": 27,
          "end": 51,
          "type": "FULL"
        },
        {
          "start": 27,
          "end": 51,
          "type": "SHORT"
        },
        {
          "start": 31,
          "end": 33,
          "type": "CLIENT_INITIALIZATION"
        },
        {
          "start": 34,
          "end": 43,
          "type": "REQUEST_INITIALIZATION"
        },
        {
          "start": 44,
          "type": "REQUEST_EXECUTION"
        },
        {
          "end": 52,
          "type": "RESPONSE_HANDLING"
        }
      ]
    },
    {
      "regionTag": "redis_generated_redis_v1_CloudRedis_UpgradeInstance_async",
      "file": "samples/generated_samples/redis_generated_redis_v1_cloud_redis_upgrade_instance_async.py",
      "clientMethod": {
        "async": true,
        "method": {
          "fullName": "UpgradeInstance",
          "service": {
            "shortName": "CloudRedis"
          }
        }
      },
      "segments": [
        {
          "start": 27,
          "end": 52,
          "type": "FULL"
        },
        {
          "start": 27,
          "end": 52,
          "type": "SHORT"
        },
        {
          "start": 31,
          "end": 33,
          "type": "CLIENT_INITIALIZATION"
        },
        {
          "start": 34,
          "end": 44,
          "type": "REQUEST_INITIALIZATION"
        },
        {
          "start": 45,
          "type": "REQUEST_EXECUTION"
        },
        {
          "end": 53,
          "type": "RESPONSE_HANDLING"
        }
      ]
    },
    {
      "regionTag": "redis_generated_redis_v1_CloudRedis_ImportInstance_async",
      "file": "samples/generated_samples/redis_generated_redis_v1_cloud_redis_import_instance_async.py",
      "clientMethod": {
        "async": true,
        "method": {
          "fullName": "ImportInstance",
          "service": {
            "shortName": "CloudRedis"
          }
        }
      },
      "segments": [
        {
          "start": 27,
          "end": 50,
          "type": "FULL"
        },
        {
          "start": 27,
          "end": 50,
          "type": "SHORT"
        },
        {
          "start": 31,
          "end": 33,
          "type": "CLIENT_INITIALIZATION"
        },
        {
          "start": 34,
          "end": 42,
          "type": "REQUEST_INITIALIZATION"
        },
        {
          "start": 43,
          "type": "REQUEST_EXECUTION"
        },
        {
          "end": 51,
          "type": "RESPONSE_HANDLING"
        }
      ]
    },
    {
      "regionTag": "redis_generated_redis_v1_CloudRedis_DeleteInstance_async",
      "file": "samples/generated_samples/redis_generated_redis_v1_cloud_redis_delete_instance_async.py",
      "clientMethod": {
        "async": true,
        "method": {
          "fullName": "DeleteInstance",
          "service": {
            "shortName": "CloudRedis"
          }
        }
      },
      "segments": [
        {
          "start": 27,
          "end": 51,
          "type": "FULL"
        },
        {
          "start": 27,
          "end": 51,
          "type": "SHORT"
        },
        {
          "start": 31,
          "end": 33,
          "type": "CLIENT_INITIALIZATION"
        },
        {
          "start": 34,
          "end": 43,
          "type": "REQUEST_INITIALIZATION"
        },
        {
          "start": 44,
          "type": "REQUEST_EXECUTION"
        },
        {
          "end": 52,
          "type": "RESPONSE_HANDLING"
        }
      ]
    },
    {
      "regionTag": "redis_generated_redis_v1_CloudRedis_CreateInstance_async",
      "file": "samples/generated_samples/redis_generated_redis_v1_cloud_redis_create_instance_async.py",
      "clientMethod": {
        "async": true,
        "method": {
          "fullName": "CreateInstance",
          "service": {
            "shortName": "CloudRedis"
          }
        }
      },
      "segments": [
        {
          "start": 27,
          "end": 57,
          "type": "FULL"
        },
        {
          "start": 27,
          "end": 57,
          "type": "SHORT"
        },
        {
          "start": 31,
          "end": 33,
          "type": "CLIENT_INITIALIZATION"
        },
        {
          "start": 34,
          "end": 49,
          "type": "REQUEST_INITIALIZATION"
        },
        {
          "start": 50,
          "type": "REQUEST_EXECUTION"
        },
        {
          "end": 58,
          "type": "RESPONSE_HANDLING"
        }
      ]
    },
    {
      "regionTag": "redis_generated_redis_v1_CloudRedis_UpdateInstance_async",
      "file": "samples/generated_samples/redis_generated_redis_v1_cloud_redis_update_instance_async.py",
      "clientMethod": {
        "async": true,
        "method": {
          "fullName": "UpdateInstance",
          "service": {
            "shortName": "CloudRedis"
          }
        }
      },
      "segments": [
        {
          "start": 27,
          "end": 51,
          "type": "FULL"
        },
        {
          "start": 27,
          "end": 51,
          "type": "SHORT"
        },
        {
          "start": 31,
          "end": 33,
          "type": "CLIENT_INITIALIZATION"
        },
        {
          "start": 34,
          "end": 43,
          "type": "REQUEST_INITIALIZATION"
        },
        {
          "start": 44,
          "type": "REQUEST_EXECUTION"
        },
        {
          "end": 52,
          "type": "RESPONSE_HANDLING"
        }
      ]
    },
    {
      "regionTag": "redis_generated_redis_v1_CloudRedis_GetInstance_async",
      "file": "samples/generated_samples/redis_generated_redis_v1_cloud_redis_get_instance_async.py",
      "clientMethod": {
        "async": true,
        "method": {
          "fullName": "GetInstance",
          "service": {
            "shortName": "CloudRedis"
          }
        }
      },
      "segments": [
        {
          "start": 27,
          "end": 49,
          "type": "FULL"
        },
        {
          "start": 27,
          "end": 49,
          "type": "SHORT"
        },
        {
          "start": 31,
          "end": 33,
          "type": "CLIENT_INITIALIZATION"
        },
        {
          "start": 34,
          "end": 43,
          "type": "REQUEST_INITIALIZATION"
        },
        {
          "start": 44,
          "end": 46,
          "type": "REQUEST_EXECUTION"
        },
        {
          "start": 47,
          "end": 50,
          "type": "RESPONSE_HANDLING"
        }
      ]
    },
    {
      "regionTag": "redis_generated_redis_v1_CloudRedis_ListInstances_async",
      "file": "samples/generated_samples/redis_generated_redis_v1_cloud_redis_list_instances_async.py",
      "clientMethod": {
        "async": true,
        "method": {
          "fullName": "ListInstances",
          "service": {
            "shortName": "CloudRedis"
          }
        }
      },
      "segments": [
        {
          "start": 27,
          "end": 47,
          "type": "FULL"
        },
        {
          "start": 27,
          "end": 47,
          "type": "SHORT"
        },
        {
          "start": 31,
          "end": 33,
          "type": "CLIENT_INITIALIZATION"
        },
        {
          "start": 34,
          "end": 42,
          "type": "REQUEST_INITIALIZATION"
        },
        {
          "start": 43,
          "type": "REQUEST_EXECUTION"
        },
        {
          "end": 48,
          "type": "RESPONSE_HANDLING"
        }
      ]
    },
    {
      "regionTag": "redis_generated_redis_v1_CloudRedis_ExportInstance_async",
      "file": "samples/generated_samples/redis_generated_redis_v1_cloud_redis_export_instance_async.py",
      "clientMethod": {
        "async": true,
        "method": {
          "fullName": "ExportInstance",
          "service": {
            "shortName": "CloudRedis"
          }
        }
      },
      "segments": [
        {
          "start": 27,
          "end": 50,
          "type": "FULL"
        },
        {
          "start": 27,
          "end": 50,
          "type": "SHORT"
        },
        {
          "start": 31,
          "end": 33,
          "type": "CLIENT_INITIALIZATION"
        },
        {
          "start": 34,
          "end": 42,
          "type": "REQUEST_INITIALIZATION"
        },
        {
          "start": 43,
          "type": "REQUEST_EXECUTION"
        },
        {
          "end": 51,
          "type": "RESPONSE_HANDLING"
        }
      ]
    }
  ]
}
