{
  "clientLibrary": {
    "apis": [
      {
        "id": "google.cloud.redis.v1",
        "version": "v1"
      }
    ],
    "language": "PYTHON",
    "name": "google-cloud-redis",
    "version": "0.1.0"
  },
  "snippets": [
    {
      "canonical": true,
      "clientMethod": {
        "async": true,
        "client": {
          "fullName": "google.cloud.redis_v1.CloudRedisAsyncClient",
          "shortName": "CloudRedisAsyncClient"
        },
        "fullName": "google.cloud.redis_v1.CloudRedisAsyncClient.create_instance",
        "method": {
          "fullName": "google.cloud.redis.v1.CloudRedis.CreateInstance",
          "service": {
            "fullName": "google.cloud.redis.v1.CloudRedis",
            "shortName": "CloudRedis"
          },
          "shortName": "CreateInstance"
        },
        "parameters": [
          {
            "name": "request",
            "type": "google.cloud.redis_v1.types.CreateInstanceRequest"
          },
          {
            "name": "parent",
            "type": "str"
          },
          {
            "name": "instance_id",
            "type": "str"
          },
          {
            "name": "instance",
            "type": "google.cloud.redis_v1.types.Instance"
          },
          {
            "name": "retry",
            "type": "google.api_core.retry.Retry"
          },
          {
            "name": "timeout",
            "type": "float"
          },
          {
            "name": "metadata",
            "type": "Sequence[Tuple[str, Union[str, bytes]]]"
          }
        ],
        "resultType": "google.api_core.operation_async.AsyncOperation",
        "shortName": "create_instance"
      },
      "description": "Sample for CreateInstance",
      "file": "redis_v1_generated_cloud_redis_create_instance_async.py",
      "language": "PYTHON",
      "origin": "API_DEFINITION",
      "regionTag": "redis_v1_generated_CloudRedis_CreateInstance_async",
      "segments": [
        {
          "end": 62,
          "start": 27,
          "type": "FULL"
        },
        {
          "end": 62,
          "start": 27,
          "type": "SHORT"
        },
        {
          "end": 40,
          "start": 38,
          "type": "CLIENT_INITIALIZATION"
        },
        {
          "end": 52,
          "start": 41,
          "type": "REQUEST_INITIALIZATION"
        },
        {
          "end": 59,
          "start": 53,
          "type": "REQUEST_EXECUTION"
        },
        {
          "end": 63,
          "start": 60,
          "type": "RESPONSE_HANDLING"
        }
      ],
      "title": "redis_v1_generated_cloud_redis_create_instance_async.py"
    },
    {
      "canonical": true,
      "clientMethod": {
        "client": {
          "fullName": "google.cloud.redis_v1.CloudRedisClient",
          "shortName": "CloudRedisClient"
        },
        "fullName": "google.cloud.redis_v1.CloudRedisClient.create_instance",
        "method": {
          "fullName": "google.cloud.redis.v1.CloudRedis.CreateInstance",
          "service": {
            "fullName": "google.cloud.redis.v1.CloudRedis",
            "shortName": "CloudRedis"
          },
          "shortName": "CreateInstance"
        },
        "parameters": [
          {
            "name": "request",
            "type": "google.cloud.redis_v1.types.CreateInstanceRequest"
          },
          {
            "name": "parent",
            "type": "str"
          },
          {
            "name": "instance_id",
            "type": "str"
          },
          {
            "name": "instance",
            "type": "google.cloud.redis_v1.types.Instance"
          },
          {
            "name": "retry",
            "type": "google.api_core.retry.Retry"
          },
          {
            "name": "timeout",
            "type": "float"
          },
          {
            "name": "metadata",
            "type": "Sequence[Tuple[str, Union[str, bytes]]]"
          }
        ],
        "resultType": "google.api_core.operation.Operation",
        "shortName": "create_instance"
      },
      "description": "Sample for CreateInstance",
      "file": "redis_v1_generated_cloud_redis_create_instance_sync.py",
      "language": "PYTHON",
      "origin": "API_DEFINITION",
      "regionTag": "redis_v1_generated_CloudRedis_CreateInstance_sync",
      "segments": [
        {
          "end": 62,
          "start": 27,
          "type": "FULL"
        },
        {
          "end": 62,
          "start": 27,
          "type": "SHORT"
        },
        {
          "end": 40,
          "start": 38,
          "type": "CLIENT_INITIALIZATION"
        },
        {
          "end": 52,
          "start": 41,
          "type": "REQUEST_INITIALIZATION"
        },
        {
          "end": 59,
          "start": 53,
          "type": "REQUEST_EXECUTION"
        },
        {
          "end": 63,
          "start": 60,
          "type": "RESPONSE_HANDLING"
        }
      ],
      "title": "redis_v1_generated_cloud_redis_create_instance_sync.py"
    },
    {
      "canonical": true,
      "clientMethod": {
        "async": true,
        "client": {
          "fullName": "google.cloud.redis_v1.CloudRedisAsyncClient",
          "shortName": "CloudRedisAsyncClient"
        },
        "fullName": "google.cloud.redis_v1.CloudRedisAsyncClient.delete_instance",
        "method": {
          "fullName": "google.cloud.redis.v1.CloudRedis.DeleteInstance",
          "service": {
            "fullName": "google.cloud.redis.v1.CloudRedis",
            "shortName": "CloudRedis"
          },
          "shortName": "DeleteInstance"
        },
        "parameters": [
          {
            "name": "request",
            "type": "google.cloud.redis_v1.types.DeleteInstanceRequest"
          },
          {
            "name": "name",
            "type": "str"
          },
          {
            "name": "retry",
            "type": "google.api_core.retry.Retry"
          },
          {
            "name": "timeout",
            "type": "float"
          },
          {
            "name": "metadata",
            "type": "Sequence[Tuple[str, Union[str, bytes]]]"
          }
        ],
        "resultType": "google.api_core.operation_async.AsyncOperation",
        "shortName": "delete_instance"
      },
      "description": "Sample for DeleteInstance",
      "file": "redis_v1_generated_cloud_redis_delete_instance_async.py",
      "language": "PYTHON",
      "origin": "API_DEFINITION",
      "regionTag": "redis_v1_generated_CloudRedis_DeleteInstance_async",
      "segments": [
        {
          "end": 55,
          "start": 27,
          "type": "FULL"
        },
        {
          "end": 55,
          "start": 27,
          "type": "SHORT"
        },
        {
          "end": 40,
          "start": 38,
          "type": "CLIENT_INITIALIZATION"
        },
        {
          "end": 45,
          "start": 41,
          "type": "REQUEST_INITIALIZATION"
        },
        {
          "end": 52,
          "start": 46,
          "type": "REQUEST_EXECUTION"
        },
        {
          "end": 56,
          "start": 53,
          "type": "RESPONSE_HANDLING"
        }
      ],
      "title": "redis_v1_generated_cloud_redis_delete_instance_async.py"
    },
    {
      "canonical": true,
      "clientMethod": {
        "client": {
          "fullName": "google.cloud.redis_v1.CloudRedisClient",
          "shortName": "CloudRedisClient"
        },
        "fullName": "google.cloud.redis_v1.CloudRedisClient.delete_instance",
        "method": {
          "fullName": "google.cloud.redis.v1.CloudRedis.DeleteInstance",
          "service": {
            "fullName": "google.cloud.redis.v1.CloudRedis",
            "shortName": "CloudRedis"
          },
          "shortName": "DeleteInstance"
        },
        "parameters": [
          {
            "name": "request",
            "type": "google.cloud.redis_v1.types.DeleteInstanceRequest"
          },
          {
            "name": "name",
            "type": "str"
          },
          {
            "name": "retry",
            "type": "google.api_core.retry.Retry"
          },
          {
            "name": "timeout",
            "type": "float"
          },
          {
            "name": "metadata",
            "type": "Sequence[Tuple[str, Union[str, bytes]]]"
          }
        ],
        "resultType": "google.api_core.operation.Operation",
        "shortName": "delete_instance"
      },
      "description": "Sample for DeleteInstance",
      "file": "redis_v1_generated_cloud_redis_delete_instance_sync.py",
      "language": "PYTHON",
      "origin": "API_DEFINITION",
      "regionTag": "redis_v1_generated_CloudRedis_DeleteInstance_sync",
      "segments": [
        {
          "end": 55,
          "start": 27,
          "type": "FULL"
        },
        {
          "end": 55,
          "start": 27,
          "type": "SHORT"
        },
        {
          "end": 40,
          "start": 38,
          "type": "CLIENT_INITIALIZATION"
        },
        {
          "end": 45,
          "start": 41,
          "type": "REQUEST_INITIALIZATION"
        },
        {
          "end": 52,
          "start": 46,
          "type": "REQUEST_EXECUTION"
        },
        {
          "end": 56,
          "start": 53,
          "type": "RESPONSE_HANDLING"
        }
      ],
      "title": "redis_v1_generated_cloud_redis_delete_instance_sync.py"
    },
    {
      "canonical": true,
      "clientMethod": {
        "async": true,
        "client": {
          "fullName": "google.cloud.redis_v1.CloudRedisAsyncClient",
          "shortName": "CloudRedisAsyncClient"
        },
        "fullName": "google.cloud.redis_v1.CloudRedisAsyncClient.get_instance",
        "method": {
          "fullName": "google.cloud.redis.v1.CloudRedis.GetInstance",
          "service": {
            "fullName": "google.cloud.redis.v1.CloudRedis",
            "shortName": "CloudRedis"
          },
          "shortName": "GetInstance"
        },
        "parameters": [
          {
            "name": "request",
            "type": "google.cloud.redis_v1.types.GetInstanceRequest"
          },
          {
            "name": "name",
            "type": "str"
          },
          {
            "name": "retry",
            "type": "google.api_core.retry.Retry"
          },
          {
            "name": "timeout",
            "type": "float"
          },
          {
            "name": "metadata",
            "type": "Sequence[Tuple[str, Union[str, bytes]]]"
          }
        ],
        "resultType": "google.cloud.redis_v1.types.Instance",
        "shortName": "get_instance"
      },
      "description": "Sample for GetInstance",
      "file": "redis_v1_generated_cloud_redis_get_instance_async.py",
      "language": "PYTHON",
      "origin": "API_DEFINITION",
      "regionTag": "redis_v1_generated_CloudRedis_GetInstance_async",
      "segments": [
        {
          "end": 51,
          "start": 27,
          "type": "FULL"
        },
        {
          "end": 51,
          "start": 27,
          "type": "SHORT"
        },
        {
          "end": 40,
          "start": 38,
          "type": "CLIENT_INITIALIZATION"
        },
        {
          "end": 45,
          "start": 41,
          "type": "REQUEST_INITIALIZATION"
        },
        {
          "end": 48,
          "start": 46,
          "type": "REQUEST_EXECUTION"
        },
        {
          "end": 52,
          "start": 49,
          "type": "RESPONSE_HANDLING"
        }
      ],
      "title": "redis_v1_generated_cloud_redis_get_instance_async.py"
    },
    {
      "canonical": true,
      "clientMethod": {
        "client": {
          "fullName": "google.cloud.redis_v1.CloudRedisClient",
          "shortName": "CloudRedisClient"
        },
        "fullName": "google.cloud.redis_v1.CloudRedisClient.get_instance",
        "method": {
          "fullName": "google.cloud.redis.v1.CloudRedis.GetInstance",
          "service": {
            "fullName": "google.cloud.redis.v1.CloudRedis",
            "shortName": "CloudRedis"
          },
          "shortName": "GetInstance"
        },
        "parameters": [
          {
            "name": "request",
            "type": "google.cloud.redis_v1.types.GetInstanceRequest"
          },
          {
            "name": "name",
            "type": "str"
          },
          {
            "name": "retry",
            "type": "google.api_core.retry.Retry"
          },
          {
            "name": "timeout",
            "type": "float"
          },
          {
            "name": "metadata",
            "type": "Sequence[Tuple[str, Union[str, bytes]]]"
          }
        ],
        "resultType": "google.cloud.redis_v1.types.Instance",
        "shortName": "get_instance"
      },
      "description": "Sample for GetInstance",
      "file": "redis_v1_generated_cloud_redis_get_instance_sync.py",
      "language": "PYTHON",
      "origin": "API_DEFINITION",
      "regionTag": "redis_v1_generated_CloudRedis_GetInstance_sync",
      "segments": [
        {
          "end": 51,
          "start": 27,
          "type": "FULL"
        },
        {
          "end": 51,
          "start": 27,
          "type": "SHORT"
        },
        {
          "end": 40,
          "start": 38,
          "type": "CLIENT_INITIALIZATION"
        },
        {
          "end": 45,
          "start": 41,
          "type": "REQUEST_INITIALIZATION"
        },
        {
          "end": 48,
          "start": 46,
          "type": "REQUEST_EXECUTION"
        },
        {
          "end": 52,
          "start": 49,
          "type": "RESPONSE_HANDLING"
        }
      ],
      "title": "redis_v1_generated_cloud_redis_get_instance_sync.py"
    },
    {
      "canonical": true,
      "clientMethod": {
        "async": true,
        "client": {
          "fullName": "google.cloud.redis_v1.CloudRedisAsyncClient",
          "shortName": "CloudRedisAsyncClient"
        },
        "fullName": "google.cloud.redis_v1.CloudRedisAsyncClient.list_instances",
        "method": {
          "fullName": "google.cloud.redis.v1.CloudRedis.ListInstances",
          "service": {
            "fullName": "google.cloud.redis.v1.CloudRedis",
            "shortName": "CloudRedis"
          },
          "shortName": "ListInstances"
        },
        "parameters": [
          {
            "name": "request",
            "type": "google.cloud.redis_v1.types.ListInstancesRequest"
          },
          {
            "name": "parent",
            "type": "str"
          },
          {
            "name": "retry",
            "type": "google.api_core.retry.Retry"
          },
          {
            "name": "timeout",
            "type": "float"
          },
          {
            "name": "metadata",
            "type": "Sequence[Tuple[str, Union[str, bytes]]]"
          }
        ],
        "resultType": "google.cloud.redis_v1.services.cloud_redis.pagers.ListInstancesAsyncPager",
        "shortName": "list_instances"
      },
      "description": "Sample for ListInstances",
      "file": "redis_v1_generated_cloud_redis_list_instances_async.py",
      "language": "PYTHON",
      "origin": "API_DEFINITION",
      "regionTag": "redis_v1_generated_CloudRedis_ListInstances_async",
      "segments": [
        {
          "end": 52,
          "start": 27,
          "type": "FULL"
        },
        {
          "end": 52,
          "start": 27,
          "type": "SHORT"
        },
        {
          "end": 40,
          "start": 38,
          "type": "CLIENT_INITIALIZATION"
        },
        {
          "end": 45,
          "start": 41,
          "type": "REQUEST_INITIALIZATION"
        },
        {
          "end": 48,
          "start": 46,
          "type": "REQUEST_EXECUTION"
        },
        {
          "end": 53,
          "start": 49,
          "type": "RESPONSE_HANDLING"
        }
      ],
      "title": "redis_v1_generated_cloud_redis_list_instances_async.py"
    },
    {
      "canonical": true,
      "clientMethod": {
        "client": {
          "fullName": "google.cloud.redis_v1.CloudRedisClient",
          "shortName": "CloudRedisClient"
        },
        "fullName": "google.cloud.redis_v1.CloudRedisClient.list_instances",
        "method": {
          "fullName": "google.cloud.redis.v1.CloudRedis.ListInstances",
          "service": {
            "fullName": "google.cloud.redis.v1.CloudRedis",
            "shortName": "CloudRedis"
          },
          "shortName": "ListInstances"
        },
        "parameters": [
          {
            "name": "request",
            "type": "google.cloud.redis_v1.types.ListInstancesRequest"
          },
          {
            "name": "parent",
            "type": "str"
          },
          {
            "name": "retry",
            "type": "google.api_core.retry.Retry"
          },
          {
            "name": "timeout",
            "type": "float"
          },
          {
            "name": "metadata",
            "type": "Sequence[Tuple[str, Union[str, bytes]]]"
          }
        ],
        "resultType": "google.cloud.redis_v1.services.cloud_redis.pagers.ListInstancesPager",
        "shortName": "list_instances"
      },
      "description": "Sample for ListInstances",
      "file": "redis_v1_generated_cloud_redis_list_instances_sync.py",
      "language": "PYTHON",
      "origin": "API_DEFINITION",
      "regionTag": "redis_v1_generated_CloudRedis_ListInstances_sync",
      "segments": [
        {
          "end": 52,
          "start": 27,
          "type": "FULL"
        },
        {
          "end": 52,
          "start": 27,
          "type": "SHORT"
        },
        {
          "end": 40,
          "start": 38,
          "type": "CLIENT_INITIALIZATION"
        },
        {
          "end": 45,
          "start": 41,
          "type": "REQUEST_INITIALIZATION"
        },
        {
          "end": 48,
          "start": 46,
          "type": "REQUEST_EXECUTION"
        },
        {
          "end": 53,
          "start": 49,
          "type": "RESPONSE_HANDLING"
        }
      ],
      "title": "redis_v1_generated_cloud_redis_list_instances_sync.py"
    },
    {
      "canonical": true,
      "clientMethod": {
        "async": true,
        "client": {
          "fullName": "google.cloud.redis_v1.CloudRedisAsyncClient",
          "shortName": "CloudRedisAsyncClient"
        },
        "fullName": "google.cloud.redis_v1.CloudRedisAsyncClient.update_instance",
        "method": {
          "fullName": "google.cloud.redis.v1.CloudRedis.UpdateInstance",
          "service": {
            "fullName": "google.cloud.redis.v1.CloudRedis",
            "shortName": "CloudRedis"
          },
          "shortName": "UpdateInstance"
        },
        "parameters": [
          {
            "name": "request",
            "type": "google.cloud.redis_v1.types.UpdateInstanceRequest"
          },
          {
            "name": "update_mask",
            "type": "google.protobuf.field_mask_pb2.FieldMask"
          },
          {
            "name": "instance",
            "type": "google.cloud.redis_v1.types.Instance"
          },
          {
            "name": "retry",
            "type": "google.api_core.retry.Retry"
          },
          {
            "name": "timeout",
            "type": "float"
          },
          {
            "name": "metadata",
            "type": "Sequence[Tuple[str, Union[str, bytes]]]"
          }
        ],
        "resultType": "google.api_core.operation_async.AsyncOperation",
        "shortName": "update_instance"
      },
      "description": "Sample for UpdateInstance",
      "file": "redis_v1_generated_cloud_redis_update_instance_async.py",
      "language": "PYTHON",
      "origin": "API_DEFINITION",
      "regionTag": "redis_v1_generated_CloudRedis_UpdateInstance_async",
      "segments": [
        {
          "end": 60,
          "start": 27,
          "type": "FULL"
        },
        {
          "end": 60,
          "start": 27,
          "type": "SHORT"
        },
        {
          "end": 40,
          "start": 38,
          "type": "CLIENT_INITIALIZATION"
        },
        {
          "end": 50,
          "start": 41,
          "type": "REQUEST_INITIALIZATION"
        },
        {
          "end": 57,
          "start": 51,
          "type": "REQUEST_EXECUTION"
        },
        {
          "end": 61,
          "start": 58,
          "type": "RESPONSE_HANDLING"
        }
      ],
      "title": "redis_v1_generated_cloud_redis_update_instance_async.py"
    },
    {
      "canonical": true,
      "clientMethod": {
        "client": {
          "fullName": "google.cloud.redis_v1.CloudRedisClient",
          "shortName": "CloudRedisClient"
        },
        "fullName": "google.cloud.redis_v1.CloudRedisClient.update_instance",
        "method": {
          "fullName": "google.cloud.redis.v1.CloudRedis.UpdateInstance",
          "service": {
            "fullName": "google.cloud.redis.v1.CloudRedis",
            "shortName": "CloudRedis"
          },
          "shortName": "UpdateInstance"
        },
        "parameters": [
          {
            "name": "request",
            "type": "google.cloud.redis_v1.types.UpdateInstanceRequest"
          },
          {
            "name": "update_mask",
            "type": "google.protobuf.field_mask_pb2.FieldMask"
          },
          {
            "name": "instance",
            "type": "google.cloud.redis_v1.types.Instance"
          },
          {
            "name": "retry",
            "type": "google.api_core.retry.Retry"
          },
          {
            "name": "timeout",
            "type": "float"
          },
          {
            "name": "metadata",
            "type": "Sequence[Tuple[str, Union[str, bytes]]]"
          }
        ],
        "resultType": "google.api_core.operation.Operation",
        "shortName": "update_instance"
      },
      "description": "Sample for UpdateInstance",
      "file": "redis_v1_generated_cloud_redis_update_instance_sync.py",
      "language": "PYTHON",
      "origin": "API_DEFINITION",
      "regionTag": "redis_v1_generated_CloudRedis_UpdateInstance_sync",
      "segments": [
        {
          "end": 60,
          "start": 27,
          "type": "FULL"
        },
        {
          "end": 60,
          "start": 27,
          "type": "SHORT"
        },
        {
          "end": 40,
          "start": 38,
          "type": "CLIENT_INITIALIZATION"
        },
        {
          "end": 50,
          "start": 41,
          "type": "REQUEST_INITIALIZATION"
        },
        {
          "end": 57,
          "start": 51,
          "type": "REQUEST_EXECUTION"
        },
        {
          "end": 61,
          "start": 58,
          "type": "RESPONSE_HANDLING"
        }
      ],
      "title": "redis_v1_generated_cloud_redis_update_instance_sync.py"
    }
  ]
}
