{
  "clientLibrary": {
    "apis": [
      {
        "id": "google.cloud.eventarc.v1",
        "version": "v1"
      }
    ],
    "language": "PYTHON",
    "name": "google-cloud-eventarc",
    "version": "0.1.0"
  },
  "snippets": [
    {
      "canonical": true,
      "clientMethod": {
        "async": true,
        "client": {
          "fullName": "google.cloud.eventarc_v1.EventarcAsyncClient",
          "shortName": "EventarcAsyncClient"
        },
        "fullName": "google.cloud.eventarc_v1.EventarcAsyncClient.create_trigger",
        "method": {
          "fullName": "google.cloud.eventarc.v1.Eventarc.CreateTrigger",
          "service": {
            "fullName": "google.cloud.eventarc.v1.Eventarc",
            "shortName": "Eventarc"
          },
          "shortName": "CreateTrigger"
        },
        "parameters": [
          {
            "name": "request",
            "type": "google.cloud.eventarc_v1.types.CreateTriggerRequest"
          },
          {
            "name": "parent",
            "type": "str"
          },
          {
            "name": "trigger",
            "type": "google.cloud.eventarc_v1.types.Trigger"
          },
          {
            "name": "trigger_id",
            "type": "str"
          },
          {
            "name": "retry",
            "type": "google.api_core.retry.Retry"
          },
          {
            "name": "timeout",
            "type": "float"
          },
          {
            "name": "metadata",
            "type": "Sequence[Tuple[str, str]"
          }
        ],
        "resultType": "google.api_core.operation_async.AsyncOperation",
        "shortName": "create_trigger"
      },
      "description": "Sample for CreateTrigger",
      "file": "eventarc_v1_generated_eventarc_create_trigger_async.py",
      "language": "PYTHON",
      "origin": "API_DEFINITION",
      "regionTag": "eventarc_v1_generated_Eventarc_CreateTrigger_async",
      "segments": [
        {
          "end": 65,
          "start": 27,
          "type": "FULL"
        },
        {
          "end": 65,
          "start": 27,
          "type": "SHORT"
        },
        {
          "end": 40,
          "start": 38,
          "type": "CLIENT_INITIALIZATION"
        },
        {
          "end": 55,
          "start": 41,
          "type": "REQUEST_INITIALIZATION"
        },
        {
          "end": 62,
          "start": 56,
          "type": "REQUEST_EXECUTION"
        },
        {
          "end": 66,
          "start": 63,
          "type": "RESPONSE_HANDLING"
        }
      ],
      "title": "eventarc_v1_generated_eventarc_create_trigger_async.py"
    },
    {
      "canonical": true,
      "clientMethod": {
        "client": {
          "fullName": "google.cloud.eventarc_v1.EventarcClient",
          "shortName": "EventarcClient"
        },
        "fullName": "google.cloud.eventarc_v1.EventarcClient.create_trigger",
        "method": {
          "fullName": "google.cloud.eventarc.v1.Eventarc.CreateTrigger",
          "service": {
            "fullName": "google.cloud.eventarc.v1.Eventarc",
            "shortName": "Eventarc"
          },
          "shortName": "CreateTrigger"
        },
        "parameters": [
          {
            "name": "request",
            "type": "google.cloud.eventarc_v1.types.CreateTriggerRequest"
          },
          {
            "name": "parent",
            "type": "str"
          },
          {
            "name": "trigger",
            "type": "google.cloud.eventarc_v1.types.Trigger"
          },
          {
            "name": "trigger_id",
            "type": "str"
          },
          {
            "name": "retry",
            "type": "google.api_core.retry.Retry"
          },
          {
            "name": "timeout",
            "type": "float"
          },
          {
            "name": "metadata",
            "type": "Sequence[Tuple[str, str]"
          }
        ],
        "resultType": "google.api_core.operation.Operation",
        "shortName": "create_trigger"
      },
      "description": "Sample for CreateTrigger",
      "file": "eventarc_v1_generated_eventarc_create_trigger_sync.py",
      "language": "PYTHON",
      "origin": "API_DEFINITION",
      "regionTag": "eventarc_v1_generated_Eventarc_CreateTrigger_sync",
      "segments": [
        {
          "end": 65,
          "start": 27,
          "type": "FULL"
        },
        {
          "end": 65,
          "start": 27,
          "type": "SHORT"
        },
        {
          "end": 40,
          "start": 38,
          "type": "CLIENT_INITIALIZATION"
        },
        {
          "end": 55,
          "start": 41,
          "type": "REQUEST_INITIALIZATION"
        },
        {
          "end": 62,
          "start": 56,
          "type": "REQUEST_EXECUTION"
        },
        {
          "end": 66,
          "start": 63,
          "type": "RESPONSE_HANDLING"
        }
      ],
      "title": "eventarc_v1_generated_eventarc_create_trigger_sync.py"
    },
    {
      "canonical": true,
      "clientMethod": {
        "async": true,
        "client": {
          "fullName": "google.cloud.eventarc_v1.EventarcAsyncClient",
          "shortName": "EventarcAsyncClient"
        },
        "fullName": "google.cloud.eventarc_v1.EventarcAsyncClient.delete_trigger",
        "method": {
          "fullName": "google.cloud.eventarc.v1.Eventarc.DeleteTrigger",
          "service": {
            "fullName": "google.cloud.eventarc.v1.Eventarc",
            "shortName": "Eventarc"
          },
          "shortName": "DeleteTrigger"
        },
        "parameters": [
          {
            "name": "request",
            "type": "google.cloud.eventarc_v1.types.DeleteTriggerRequest"
          },
          {
            "name": "name",
            "type": "str"
          },
          {
            "name": "allow_missing",
            "type": "bool"
          },
          {
            "name": "retry",
            "type": "google.api_core.retry.Retry"
          },
          {
            "name": "timeout",
            "type": "float"
          },
          {
            "name": "metadata",
            "type": "Sequence[Tuple[str, str]"
          }
        ],
        "resultType": "google.api_core.operation_async.AsyncOperation",
        "shortName": "delete_trigger"
      },
      "description": "Sample for DeleteTrigger",
      "file": "eventarc_v1_generated_eventarc_delete_trigger_async.py",
      "language": "PYTHON",
      "origin": "API_DEFINITION",
      "regionTag": "eventarc_v1_generated_Eventarc_DeleteTrigger_async",
      "segments": [
        {
          "end": 56,
          "start": 27,
          "type": "FULL"
        },
        {
          "end": 56,
          "start": 27,
          "type": "SHORT"
        },
        {
          "end": 40,
          "start": 38,
          "type": "CLIENT_INITIALIZATION"
        },
        {
          "end": 46,
          "start": 41,
          "type": "REQUEST_INITIALIZATION"
        },
        {
          "end": 53,
          "start": 47,
          "type": "REQUEST_EXECUTION"
        },
        {
          "end": 57,
          "start": 54,
          "type": "RESPONSE_HANDLING"
        }
      ],
      "title": "eventarc_v1_generated_eventarc_delete_trigger_async.py"
    },
    {
      "canonical": true,
      "clientMethod": {
        "client": {
          "fullName": "google.cloud.eventarc_v1.EventarcClient",
          "shortName": "EventarcClient"
        },
        "fullName": "google.cloud.eventarc_v1.EventarcClient.delete_trigger",
        "method": {
          "fullName": "google.cloud.eventarc.v1.Eventarc.DeleteTrigger",
          "service": {
            "fullName": "google.cloud.eventarc.v1.Eventarc",
            "shortName": "Eventarc"
          },
          "shortName": "DeleteTrigger"
        },
        "parameters": [
          {
            "name": "request",
            "type": "google.cloud.eventarc_v1.types.DeleteTriggerRequest"
          },
          {
            "name": "name",
            "type": "str"
          },
          {
            "name": "allow_missing",
            "type": "bool"
          },
          {
            "name": "retry",
            "type": "google.api_core.retry.Retry"
          },
          {
            "name": "timeout",
            "type": "float"
          },
          {
            "name": "metadata",
            "type": "Sequence[Tuple[str, str]"
          }
        ],
        "resultType": "google.api_core.operation.Operation",
        "shortName": "delete_trigger"
      },
      "description": "Sample for DeleteTrigger",
      "file": "eventarc_v1_generated_eventarc_delete_trigger_sync.py",
      "language": "PYTHON",
      "origin": "API_DEFINITION",
      "regionTag": "eventarc_v1_generated_Eventarc_DeleteTrigger_sync",
      "segments": [
        {
          "end": 56,
          "start": 27,
          "type": "FULL"
        },
        {
          "end": 56,
          "start": 27,
          "type": "SHORT"
        },
        {
          "end": 40,
          "start": 38,
          "type": "CLIENT_INITIALIZATION"
        },
        {
          "end": 46,
          "start": 41,
          "type": "REQUEST_INITIALIZATION"
        },
        {
          "end": 53,
          "start": 47,
          "type": "REQUEST_EXECUTION"
        },
        {
          "end": 57,
          "start": 54,
          "type": "RESPONSE_HANDLING"
        }
      ],
      "title": "eventarc_v1_generated_eventarc_delete_trigger_sync.py"
    },
    {
      "canonical": true,
      "clientMethod": {
        "async": true,
        "client": {
          "fullName": "google.cloud.eventarc_v1.EventarcAsyncClient",
          "shortName": "EventarcAsyncClient"
        },
        "fullName": "google.cloud.eventarc_v1.EventarcAsyncClient.get_trigger",
        "method": {
          "fullName": "google.cloud.eventarc.v1.Eventarc.GetTrigger",
          "service": {
            "fullName": "google.cloud.eventarc.v1.Eventarc",
            "shortName": "Eventarc"
          },
          "shortName": "GetTrigger"
        },
        "parameters": [
          {
            "name": "request",
            "type": "google.cloud.eventarc_v1.types.GetTriggerRequest"
          },
          {
            "name": "name",
            "type": "str"
          },
          {
            "name": "retry",
            "type": "google.api_core.retry.Retry"
          },
          {
            "name": "timeout",
            "type": "float"
          },
          {
            "name": "metadata",
            "type": "Sequence[Tuple[str, str]"
          }
        ],
        "resultType": "google.cloud.eventarc_v1.types.Trigger",
        "shortName": "get_trigger"
      },
      "description": "Sample for GetTrigger",
      "file": "eventarc_v1_generated_eventarc_get_trigger_async.py",
      "language": "PYTHON",
      "origin": "API_DEFINITION",
      "regionTag": "eventarc_v1_generated_Eventarc_GetTrigger_async",
      "segments": [
        {
          "end": 51,
          "start": 27,
          "type": "FULL"
        },
        {
          "end": 51,
          "start": 27,
          "type": "SHORT"
        },
        {
          "end": 40,
          "start": 38,
          "type": "CLIENT_INITIALIZATION"
        },
        {
          "end": 45,
          "start": 41,
          "type": "REQUEST_INITIALIZATION"
        },
        {
          "end": 48,
          "start": 46,
          "type": "REQUEST_EXECUTION"
        },
        {
          "end": 52,
          "start": 49,
          "type": "RESPONSE_HANDLING"
        }
      ],
      "title": "eventarc_v1_generated_eventarc_get_trigger_async.py"
    },
    {
      "canonical": true,
      "clientMethod": {
        "client": {
          "fullName": "google.cloud.eventarc_v1.EventarcClient",
          "shortName": "EventarcClient"
        },
        "fullName": "google.cloud.eventarc_v1.EventarcClient.get_trigger",
        "method": {
          "fullName": "google.cloud.eventarc.v1.Eventarc.GetTrigger",
          "service": {
            "fullName": "google.cloud.eventarc.v1.Eventarc",
            "shortName": "Eventarc"
          },
          "shortName": "GetTrigger"
        },
        "parameters": [
          {
            "name": "request",
            "type": "google.cloud.eventarc_v1.types.GetTriggerRequest"
          },
          {
            "name": "name",
            "type": "str"
          },
          {
            "name": "retry",
            "type": "google.api_core.retry.Retry"
          },
          {
            "name": "timeout",
            "type": "float"
          },
          {
            "name": "metadata",
            "type": "Sequence[Tuple[str, str]"
          }
        ],
        "resultType": "google.cloud.eventarc_v1.types.Trigger",
        "shortName": "get_trigger"
      },
      "description": "Sample for GetTrigger",
      "file": "eventarc_v1_generated_eventarc_get_trigger_sync.py",
      "language": "PYTHON",
      "origin": "API_DEFINITION",
      "regionTag": "eventarc_v1_generated_Eventarc_GetTrigger_sync",
      "segments": [
        {
          "end": 51,
          "start": 27,
          "type": "FULL"
        },
        {
          "end": 51,
          "start": 27,
          "type": "SHORT"
        },
        {
          "end": 40,
          "start": 38,
          "type": "CLIENT_INITIALIZATION"
        },
        {
          "end": 45,
          "start": 41,
          "type": "REQUEST_INITIALIZATION"
        },
        {
          "end": 48,
          "start": 46,
          "type": "REQUEST_EXECUTION"
        },
        {
          "end": 52,
          "start": 49,
          "type": "RESPONSE_HANDLING"
        }
      ],
      "title": "eventarc_v1_generated_eventarc_get_trigger_sync.py"
    },
    {
      "canonical": true,
      "clientMethod": {
        "async": true,
        "client": {
          "fullName": "google.cloud.eventarc_v1.EventarcAsyncClient",
          "shortName": "EventarcAsyncClient"
        },
        "fullName": "google.cloud.eventarc_v1.EventarcAsyncClient.list_triggers",
        "method": {
          "fullName": "google.cloud.eventarc.v1.Eventarc.ListTriggers",
          "service": {
            "fullName": "google.cloud.eventarc.v1.Eventarc",
            "shortName": "Eventarc"
          },
          "shortName": "ListTriggers"
        },
        "parameters": [
          {
            "name": "request",
            "type": "google.cloud.eventarc_v1.types.ListTriggersRequest"
          },
          {
            "name": "parent",
            "type": "str"
          },
          {
            "name": "retry",
            "type": "google.api_core.retry.Retry"
          },
          {
            "name": "timeout",
            "type": "float"
          },
          {
            "name": "metadata",
            "type": "Sequence[Tuple[str, str]"
          }
        ],
        "resultType": "google.cloud.eventarc_v1.services.eventarc.pagers.ListTriggersAsyncPager",
        "shortName": "list_triggers"
      },
      "description": "Sample for ListTriggers",
      "file": "eventarc_v1_generated_eventarc_list_triggers_async.py",
      "language": "PYTHON",
      "origin": "API_DEFINITION",
      "regionTag": "eventarc_v1_generated_Eventarc_ListTriggers_async",
      "segments": [
        {
          "end": 52,
          "start": 27,
          "type": "FULL"
        },
        {
          "end": 52,
          "start": 27,
          "type": "SHORT"
        },
        {
          "end": 40,
          "start": 38,
          "type": "CLIENT_INITIALIZATION"
        },
        {
          "end": 45,
          "start": 41,
          "type": "REQUEST_INITIALIZATION"
        },
        {
          "end": 48,
          "start": 46,
          "type": "REQUEST_EXECUTION"
        },
        {
          "end": 53,
          "start": 49,
          "type": "RESPONSE_HANDLING"
        }
      ],
      "title": "eventarc_v1_generated_eventarc_list_triggers_async.py"
    },
    {
      "canonical": true,
      "clientMethod": {
        "client": {
          "fullName": "google.cloud.eventarc_v1.EventarcClient",
          "shortName": "EventarcClient"
        },
        "fullName": "google.cloud.eventarc_v1.EventarcClient.list_triggers",
        "method": {
          "fullName": "google.cloud.eventarc.v1.Eventarc.ListTriggers",
          "service": {
            "fullName": "google.cloud.eventarc.v1.Eventarc",
            "shortName": "Eventarc"
          },
          "shortName": "ListTriggers"
        },
        "parameters": [
          {
            "name": "request",
            "type": "google.cloud.eventarc_v1.types.ListTriggersRequest"
          },
          {
            "name": "parent",
            "type": "str"
          },
          {
            "name": "retry",
            "type": "google.api_core.retry.Retry"
          },
          {
            "name": "timeout",
            "type": "float"
          },
          {
            "name": "metadata",
            "type": "Sequence[Tuple[str, str]"
          }
        ],
        "resultType": "google.cloud.eventarc_v1.services.eventarc.pagers.ListTriggersPager",
        "shortName": "list_triggers"
      },
      "description": "Sample for ListTriggers",
      "file": "eventarc_v1_generated_eventarc_list_triggers_sync.py",
      "language": "PYTHON",
      "origin": "API_DEFINITION",
      "regionTag": "eventarc_v1_generated_Eventarc_ListTriggers_sync",
      "segments": [
        {
          "end": 52,
          "start": 27,
          "type": "FULL"
        },
        {
          "end": 52,
          "start": 27,
          "type": "SHORT"
        },
        {
          "end": 40,
          "start": 38,
          "type": "CLIENT_INITIALIZATION"
        },
        {
          "end": 45,
          "start": 41,
          "type": "REQUEST_INITIALIZATION"
        },
        {
          "end": 48,
          "start": 46,
          "type": "REQUEST_EXECUTION"
        },
        {
          "end": 53,
          "start": 49,
          "type": "RESPONSE_HANDLING"
        }
      ],
      "title": "eventarc_v1_generated_eventarc_list_triggers_sync.py"
    },
    {
      "canonical": true,
      "clientMethod": {
        "async": true,
        "client": {
          "fullName": "google.cloud.eventarc_v1.EventarcAsyncClient",
          "shortName": "EventarcAsyncClient"
        },
        "fullName": "google.cloud.eventarc_v1.EventarcAsyncClient.update_trigger",
        "method": {
          "fullName": "google.cloud.eventarc.v1.Eventarc.UpdateTrigger",
          "service": {
            "fullName": "google.cloud.eventarc.v1.Eventarc",
            "shortName": "Eventarc"
          },
          "shortName": "UpdateTrigger"
        },
        "parameters": [
          {
            "name": "request",
            "type": "google.cloud.eventarc_v1.types.UpdateTriggerRequest"
          },
          {
            "name": "trigger",
            "type": "google.cloud.eventarc_v1.types.Trigger"
          },
          {
            "name": "update_mask",
            "type": "google.protobuf.field_mask_pb2.FieldMask"
          },
          {
            "name": "allow_missing",
            "type": "bool"
          },
          {
            "name": "retry",
            "type": "google.api_core.retry.Retry"
          },
          {
            "name": "timeout",
            "type": "float"
          },
          {
            "name": "metadata",
            "type": "Sequence[Tuple[str, str]"
          }
        ],
        "resultType": "google.api_core.operation_async.AsyncOperation",
        "shortName": "update_trigger"
      },
      "description": "Sample for UpdateTrigger",
      "file": "eventarc_v1_generated_eventarc_update_trigger_async.py",
      "language": "PYTHON",
      "origin": "API_DEFINITION",
      "regionTag": "eventarc_v1_generated_Eventarc_UpdateTrigger_async",
      "segments": [
        {
          "end": 55,
          "start": 27,
          "type": "FULL"
        },
        {
          "end": 55,
          "start": 27,
          "type": "SHORT"
        },
        {
          "end": 40,
          "start": 38,
          "type": "CLIENT_INITIALIZATION"
        },
        {
          "end": 45,
          "start": 41,
          "type": "REQUEST_INITIALIZATION"
        },
        {
          "end": 52,
          "start": 46,
          "type": "REQUEST_EXECUTION"
        },
        {
          "end": 56,
          "start": 53,
          "type": "RESPONSE_HANDLING"
        }
      ],
      "title": "eventarc_v1_generated_eventarc_update_trigger_async.py"
    },
    {
      "canonical": true,
      "clientMethod": {
        "client": {
          "fullName": "google.cloud.eventarc_v1.EventarcClient",
          "shortName": "EventarcClient"
        },
        "fullName": "google.cloud.eventarc_v1.EventarcClient.update_trigger",
        "method": {
          "fullName": "google.cloud.eventarc.v1.Eventarc.UpdateTrigger",
          "service": {
            "fullName": "google.cloud.eventarc.v1.Eventarc",
            "shortName": "Eventarc"
          },
          "shortName": "UpdateTrigger"
        },
        "parameters": [
          {
            "name": "request",
            "type": "google.cloud.eventarc_v1.types.UpdateTriggerRequest"
          },
          {
            "name": "trigger",
            "type": "google.cloud.eventarc_v1.types.Trigger"
          },
          {
            "name": "update_mask",
            "type": "google.protobuf.field_mask_pb2.FieldMask"
          },
          {
            "name": "allow_missing",
            "type": "bool"
          },
          {
            "name": "retry",
            "type": "google.api_core.retry.Retry"
          },
          {
            "name": "timeout",
            "type": "float"
          },
          {
            "name": "metadata",
            "type": "Sequence[Tuple[str, str]"
          }
        ],
        "resultType": "google.api_core.operation.Operation",
        "shortName": "update_trigger"
      },
      "description": "Sample for UpdateTrigger",
      "file": "eventarc_v1_generated_eventarc_update_trigger_sync.py",
      "language": "PYTHON",
      "origin": "API_DEFINITION",
      "regionTag": "eventarc_v1_generated_Eventarc_UpdateTrigger_sync",
      "segments": [
        {
          "end": 55,
          "start": 27,
          "type": "FULL"
        },
        {
          "end": 55,
          "start": 27,
          "type": "SHORT"
        },
        {
          "end": 40,
          "start": 38,
          "type": "CLIENT_INITIALIZATION"
        },
        {
          "end": 45,
          "start": 41,
          "type": "REQUEST_INITIALIZATION"
        },
        {
          "end": 52,
          "start": 46,
          "type": "REQUEST_EXECUTION"
        },
        {
          "end": 56,
          "start": 53,
          "type": "RESPONSE_HANDLING"
        }
      ],
      "title": "eventarc_v1_generated_eventarc_update_trigger_sync.py"
    }
  ]
}
