{
  "snippets": [
    {
      "clientMethod": {
        "async": true,
        "method": {
          "fullName": "GenerateAccessToken",
          "service": {
            "shortName": "IAMCredentials"
          }
        }
      },
      "file": "samples/generated_samples/iamcredentials_generated_credentials_v1_iam_credentials_generate_access_token_async.py",
      "regionTag": "iamcredentials_generated_credentials_v1_IAMCredentials_GenerateAccessToken_async",
      "segments": [
        {
          "end": 49,
          "start": 27,
          "type": "FULL"
        },
        {
          "end": 49,
          "start": 27,
          "type": "SHORT"
        },
        {
          "end": 33,
          "start": 31,
          "type": "CLIENT_INITIALIZATION"
        },
        {
          "end": 43,
          "start": 34,
          "type": "REQUEST_INITIALIZATION"
        },
        {
          "end": 46,
          "start": 44,
          "type": "REQUEST_EXECUTION"
        },
        {
          "end": 50,
          "start": 47,
          "type": "RESPONSE_HANDLING"
        }
      ]
    },
    {
      "clientMethod": {
        "async": true,
        "method": {
          "fullName": "SignJwt",
          "service": {
            "shortName": "IAMCredentials"
          }
        }
      },
      "file": "samples/generated_samples/iamcredentials_generated_credentials_v1_iam_credentials_sign_jwt_async.py",
      "regionTag": "iamcredentials_generated_credentials_v1_IAMCredentials_SignJwt_async",
      "segments": [
        {
          "end": 49,
          "start": 27,
          "type": "FULL"
        },
        {
          "end": 49,
          "start": 27,
          "type": "SHORT"
        },
        {
          "end": 33,
          "start": 31,
          "type": "CLIENT_INITIALIZATION"
        },
        {
          "end": 43,
          "start": 34,
          "type": "REQUEST_INITIALIZATION"
        },
        {
          "end": 46,
          "start": 44,
          "type": "REQUEST_EXECUTION"
        },
        {
          "end": 50,
          "start": 47,
          "type": "RESPONSE_HANDLING"
        }
      ]
    },
    {
      "clientMethod": {
        "async": true,
        "method": {
          "fullName": "SignBlob",
          "service": {
            "shortName": "IAMCredentials"
          }
        }
      },
      "file": "samples/generated_samples/iamcredentials_generated_credentials_v1_iam_credentials_sign_blob_async.py",
      "regionTag": "iamcredentials_generated_credentials_v1_IAMCredentials_SignBlob_async",
      "segments": [
        {
          "end": 49,
          "start": 27,
          "type": "FULL"
        },
        {
          "end": 49,
          "start": 27,
          "type": "SHORT"
        },
        {
          "end": 33,
          "start": 31,
          "type": "CLIENT_INITIALIZATION"
        },
        {
          "end": 43,
          "start": 34,
          "type": "REQUEST_INITIALIZATION"
        },
        {
          "end": 46,
          "start": 44,
          "type": "REQUEST_EXECUTION"
        },
        {
          "end": 50,
          "start": 47,
          "type": "RESPONSE_HANDLING"
        }
      ]
    },
    {
      "clientMethod": {
        "async": true,
        "method": {
          "fullName": "GenerateIdToken",
          "service": {
            "shortName": "IAMCredentials"
          }
        }
      },
      "file": "samples/generated_samples/iamcredentials_generated_credentials_v1_iam_credentials_generate_id_token_async.py",
      "regionTag": "iamcredentials_generated_credentials_v1_IAMCredentials_GenerateIdToken_async",
      "segments": [
        {
          "end": 49,
          "start": 27,
          "type": "FULL"
        },
        {
          "end": 49,
          "start": 27,
          "type": "SHORT"
        },
        {
          "end": 33,
          "start": 31,
          "type": "CLIENT_INITIALIZATION"
        },
        {
          "end": 43,
          "start": 34,
          "type": "REQUEST_INITIALIZATION"
        },
        {
          "end": 46,
          "start": 44,
          "type": "REQUEST_EXECUTION"
        },
        {
          "end": 50,
          "start": 47,
          "type": "RESPONSE_HANDLING"
        }
      ]
    },
    {
      "clientMethod": {
        "method": {
          "fullName": "GenerateIdToken",
          "service": {
            "shortName": "IAMCredentials"
          }
        }
      },
      "file": "samples/generated_samples/iamcredentials_generated_credentials_v1_iam_credentials_generate_id_token_sync.py",
      "regionTag": "iamcredentials_generated_credentials_v1_IAMCredentials_GenerateIdToken_sync",
      "segments": [
        {
          "end": 49,
          "start": 27,
          "type": "FULL"
        },
        {
          "end": 49,
          "start": 27,
          "type": "SHORT"
        },
        {
          "end": 33,
          "start": 31,
          "type": "CLIENT_INITIALIZATION"
        },
        {
          "end": 43,
          "start": 34,
          "type": "REQUEST_INITIALIZATION"
        },
        {
          "end": 46,
          "start": 44,
          "type": "REQUEST_EXECUTION"
        },
        {
          "end": 50,
          "start": 47,
          "type": "RESPONSE_HANDLING"
        }
      ]
    },
    {
      "clientMethod": {
        "method": {
          "fullName": "SignJwt",
          "service": {
            "shortName": "IAMCredentials"
          }
        }
      },
      "file": "samples/generated_samples/iamcredentials_generated_credentials_v1_iam_credentials_sign_jwt_sync.py",
      "regionTag": "iamcredentials_generated_credentials_v1_IAMCredentials_SignJwt_sync",
      "segments": [
        {
          "end": 49,
          "start": 27,
          "type": "FULL"
        },
        {
          "end": 49,
          "start": 27,
          "type": "SHORT"
        },
        {
          "end": 33,
          "start": 31,
          "type": "CLIENT_INITIALIZATION"
        },
        {
          "end": 43,
          "start": 34,
          "type": "REQUEST_INITIALIZATION"
        },
        {
          "end": 46,
          "start": 44,
          "type": "REQUEST_EXECUTION"
        },
        {
          "end": 50,
          "start": 47,
          "type": "RESPONSE_HANDLING"
        }
      ]
    },
    {
      "clientMethod": {
        "method": {
          "fullName": "GenerateAccessToken",
          "service": {
            "shortName": "IAMCredentials"
          }
        }
      },
      "file": "samples/generated_samples/iamcredentials_generated_credentials_v1_iam_credentials_generate_access_token_sync.py",
      "regionTag": "iamcredentials_generated_credentials_v1_IAMCredentials_GenerateAccessToken_sync",
      "segments": [
        {
          "end": 49,
          "start": 27,
          "type": "FULL"
        },
        {
          "end": 49,
          "start": 27,
          "type": "SHORT"
        },
        {
          "end": 33,
          "start": 31,
          "type": "CLIENT_INITIALIZATION"
        },
        {
          "end": 43,
          "start": 34,
          "type": "REQUEST_INITIALIZATION"
        },
        {
          "end": 46,
          "start": 44,
          "type": "REQUEST_EXECUTION"
        },
        {
          "end": 50,
          "start": 47,
          "type": "RESPONSE_HANDLING"
        }
      ]
    },
    {
      "clientMethod": {
        "method": {
          "fullName": "SignBlob",
          "service": {
            "shortName": "IAMCredentials"
          }
        }
      },
      "file": "samples/generated_samples/iamcredentials_generated_credentials_v1_iam_credentials_sign_blob_sync.py",
      "regionTag": "iamcredentials_generated_credentials_v1_IAMCredentials_SignBlob_sync",
      "segments": [
        {
          "end": 49,
          "start": 27,
          "type": "FULL"
        },
        {
          "end": 49,
          "start": 27,
          "type": "SHORT"
        },
        {
          "end": 33,
          "start": 31,
          "type": "CLIENT_INITIALIZATION"
        },
        {
          "end": 43,
          "start": 34,
          "type": "REQUEST_INITIALIZATION"
        },
        {
          "end": 46,
          "start": 44,
          "type": "REQUEST_EXECUTION"
        },
        {
          "end": 50,
          "start": 47,
          "type": "RESPONSE_HANDLING"
        }
      ]
    }
  ]
}
