{
  "snippets": [
    {
      "clientMethod": {
        "async": true,
        "method": {
          "service": {
            "shortName": "IAMCredentials"
          },
          "shortName": "GenerateAccessToken"
        }
      },
      "file": "iamcredentials_v1_generated_iam_credentials_generate_access_token_async.py",
      "regionTag": "iamcredentials_v1_generated_IAMCredentials_GenerateAccessToken_async",
      "segments": [
        {
          "end": 45,
          "start": 27,
          "type": "FULL"
        },
        {
          "end": 45,
          "start": 27,
          "type": "SHORT"
        },
        {
          "end": 33,
          "start": 31,
          "type": "CLIENT_INITIALIZATION"
        },
        {
          "end": 39,
          "start": 34,
          "type": "REQUEST_INITIALIZATION"
        },
        {
          "end": 42,
          "start": 40,
          "type": "REQUEST_EXECUTION"
        },
        {
          "end": 46,
          "start": 43,
          "type": "RESPONSE_HANDLING"
        }
      ]
    },
    {
      "clientMethod": {
        "method": {
          "service": {
            "shortName": "IAMCredentials"
          },
          "shortName": "GenerateAccessToken"
        }
      },
      "file": "iamcredentials_v1_generated_iam_credentials_generate_access_token_sync.py",
      "regionTag": "iamcredentials_v1_generated_IAMCredentials_GenerateAccessToken_sync",
      "segments": [
        {
          "end": 45,
          "start": 27,
          "type": "FULL"
        },
        {
          "end": 45,
          "start": 27,
          "type": "SHORT"
        },
        {
          "end": 33,
          "start": 31,
          "type": "CLIENT_INITIALIZATION"
        },
        {
          "end": 39,
          "start": 34,
          "type": "REQUEST_INITIALIZATION"
        },
        {
          "end": 42,
          "start": 40,
          "type": "REQUEST_EXECUTION"
        },
        {
          "end": 46,
          "start": 43,
          "type": "RESPONSE_HANDLING"
        }
      ]
    },
    {
      "clientMethod": {
        "async": true,
        "method": {
          "service": {
            "shortName": "IAMCredentials"
          },
          "shortName": "GenerateIdToken"
        }
      },
      "file": "iamcredentials_v1_generated_iam_credentials_generate_id_token_async.py",
      "regionTag": "iamcredentials_v1_generated_IAMCredentials_GenerateIdToken_async",
      "segments": [
        {
          "end": 45,
          "start": 27,
          "type": "FULL"
        },
        {
          "end": 45,
          "start": 27,
          "type": "SHORT"
        },
        {
          "end": 33,
          "start": 31,
          "type": "CLIENT_INITIALIZATION"
        },
        {
          "end": 39,
          "start": 34,
          "type": "REQUEST_INITIALIZATION"
        },
        {
          "end": 42,
          "start": 40,
          "type": "REQUEST_EXECUTION"
        },
        {
          "end": 46,
          "start": 43,
          "type": "RESPONSE_HANDLING"
        }
      ]
    },
    {
      "clientMethod": {
        "method": {
          "service": {
            "shortName": "IAMCredentials"
          },
          "shortName": "GenerateIdToken"
        }
      },
      "file": "iamcredentials_v1_generated_iam_credentials_generate_id_token_sync.py",
      "regionTag": "iamcredentials_v1_generated_IAMCredentials_GenerateIdToken_sync",
      "segments": [
        {
          "end": 45,
          "start": 27,
          "type": "FULL"
        },
        {
          "end": 45,
          "start": 27,
          "type": "SHORT"
        },
        {
          "end": 33,
          "start": 31,
          "type": "CLIENT_INITIALIZATION"
        },
        {
          "end": 39,
          "start": 34,
          "type": "REQUEST_INITIALIZATION"
        },
        {
          "end": 42,
          "start": 40,
          "type": "REQUEST_EXECUTION"
        },
        {
          "end": 46,
          "start": 43,
          "type": "RESPONSE_HANDLING"
        }
      ]
    },
    {
      "clientMethod": {
        "async": true,
        "method": {
          "service": {
            "shortName": "IAMCredentials"
          },
          "shortName": "SignBlob"
        }
      },
      "file": "iamcredentials_v1_generated_iam_credentials_sign_blob_async.py",
      "regionTag": "iamcredentials_v1_generated_IAMCredentials_SignBlob_async",
      "segments": [
        {
          "end": 45,
          "start": 27,
          "type": "FULL"
        },
        {
          "end": 45,
          "start": 27,
          "type": "SHORT"
        },
        {
          "end": 33,
          "start": 31,
          "type": "CLIENT_INITIALIZATION"
        },
        {
          "end": 39,
          "start": 34,
          "type": "REQUEST_INITIALIZATION"
        },
        {
          "end": 42,
          "start": 40,
          "type": "REQUEST_EXECUTION"
        },
        {
          "end": 46,
          "start": 43,
          "type": "RESPONSE_HANDLING"
        }
      ]
    },
    {
      "clientMethod": {
        "method": {
          "service": {
            "shortName": "IAMCredentials"
          },
          "shortName": "SignBlob"
        }
      },
      "file": "iamcredentials_v1_generated_iam_credentials_sign_blob_sync.py",
      "regionTag": "iamcredentials_v1_generated_IAMCredentials_SignBlob_sync",
      "segments": [
        {
          "end": 45,
          "start": 27,
          "type": "FULL"
        },
        {
          "end": 45,
          "start": 27,
          "type": "SHORT"
        },
        {
          "end": 33,
          "start": 31,
          "type": "CLIENT_INITIALIZATION"
        },
        {
          "end": 39,
          "start": 34,
          "type": "REQUEST_INITIALIZATION"
        },
        {
          "end": 42,
          "start": 40,
          "type": "REQUEST_EXECUTION"
        },
        {
          "end": 46,
          "start": 43,
          "type": "RESPONSE_HANDLING"
        }
      ]
    },
    {
      "clientMethod": {
        "async": true,
        "method": {
          "service": {
            "shortName": "IAMCredentials"
          },
          "shortName": "SignJwt"
        }
      },
      "file": "iamcredentials_v1_generated_iam_credentials_sign_jwt_async.py",
      "regionTag": "iamcredentials_v1_generated_IAMCredentials_SignJwt_async",
      "segments": [
        {
          "end": 45,
          "start": 27,
          "type": "FULL"
        },
        {
          "end": 45,
          "start": 27,
          "type": "SHORT"
        },
        {
          "end": 33,
          "start": 31,
          "type": "CLIENT_INITIALIZATION"
        },
        {
          "end": 39,
          "start": 34,
          "type": "REQUEST_INITIALIZATION"
        },
        {
          "end": 42,
          "start": 40,
          "type": "REQUEST_EXECUTION"
        },
        {
          "end": 46,
          "start": 43,
          "type": "RESPONSE_HANDLING"
        }
      ]
    },
    {
      "clientMethod": {
        "method": {
          "service": {
            "shortName": "IAMCredentials"
          },
          "shortName": "SignJwt"
        }
      },
      "file": "iamcredentials_v1_generated_iam_credentials_sign_jwt_sync.py",
      "regionTag": "iamcredentials_v1_generated_IAMCredentials_SignJwt_sync",
      "segments": [
        {
          "end": 45,
          "start": 27,
          "type": "FULL"
        },
        {
          "end": 45,
          "start": 27,
          "type": "SHORT"
        },
        {
          "end": 33,
          "start": 31,
          "type": "CLIENT_INITIALIZATION"
        },
        {
          "end": 39,
          "start": 34,
          "type": "REQUEST_INITIALIZATION"
        },
        {
          "end": 42,
          "start": 40,
          "type": "REQUEST_EXECUTION"
        },
        {
          "end": 46,
          "start": 43,
          "type": "RESPONSE_HANDLING"
        }
      ]
    }
  ]
}
