 {
  "comment": "This file maps proto services/RPCs to the corresponding library clients/methods",
  "language": "python",
  "libraryPackage": "google.showcase_v1beta1",
  "protoPackage": "google.showcase.v1beta1",
  "schema": "1.0",
  "services": {
    "Compliance": {
      "clients": {
        "grpc": {
          "libraryClient": "ComplianceClient",
          "rpcs": {
            "GetEnum": {
              "methods": [
                "get_enum"
              ]
            },
            "RepeatDataBody": {
              "methods": [
                "repeat_data_body"
              ]
            },
            "RepeatDataBodyInfo": {
              "methods": [
                "repeat_data_body_info"
              ]
            },
            "RepeatDataBodyPatch": {
              "methods": [
                "repeat_data_body_patch"
              ]
            },
            "RepeatDataBodyPut": {
              "methods": [
                "repeat_data_body_put"
              ]
            },
            "RepeatDataPathResource": {
              "methods": [
                "repeat_data_path_resource"
              ]
            },
            "RepeatDataPathTrailingResource": {
              "methods": [
                "repeat_data_path_trailing_resource"
              ]
            },
            "RepeatDataQuery": {
              "methods": [
                "repeat_data_query"
              ]
            },
            "RepeatDataSimplePath": {
              "methods": [
                "repeat_data_simple_path"
              ]
            },
            "VerifyEnum": {
              "methods": [
                "verify_enum"
              ]
            }
          }
        },
        "grpc-async": {
          "libraryClient": "ComplianceAsyncClient",
          "rpcs": {
            "GetEnum": {
              "methods": [
                "get_enum"
              ]
            },
            "RepeatDataBody": {
              "methods": [
                "repeat_data_body"
              ]
            },
            "RepeatDataBodyInfo": {
              "methods": [
                "repeat_data_body_info"
              ]
            },
            "RepeatDataBodyPatch": {
              "methods": [
                "repeat_data_body_patch"
              ]
            },
            "RepeatDataBodyPut": {
              "methods": [
                "repeat_data_body_put"
              ]
            },
            "RepeatDataPathResource": {
              "methods": [
                "repeat_data_path_resource"
              ]
            },
            "RepeatDataPathTrailingResource": {
              "methods": [
                "repeat_data_path_trailing_resource"
              ]
            },
            "RepeatDataQuery": {
              "methods": [
                "repeat_data_query"
              ]
            },
            "RepeatDataSimplePath": {
              "methods": [
                "repeat_data_simple_path"
              ]
            },
            "VerifyEnum": {
              "methods": [
                "verify_enum"
              ]
            }
          }
        },
        "rest": {
          "libraryClient": "ComplianceClient",
          "rpcs": {
            "GetEnum": {
              "methods": [
                "get_enum"
              ]
            },
            "RepeatDataBody": {
              "methods": [
                "repeat_data_body"
              ]
            },
            "RepeatDataBodyInfo": {
              "methods": [
                "repeat_data_body_info"
              ]
            },
            "RepeatDataBodyPatch": {
              "methods": [
                "repeat_data_body_patch"
              ]
            },
            "RepeatDataBodyPut": {
              "methods": [
                "repeat_data_body_put"
              ]
            },
            "RepeatDataPathResource": {
              "methods": [
                "repeat_data_path_resource"
              ]
            },
            "RepeatDataPathTrailingResource": {
              "methods": [
                "repeat_data_path_trailing_resource"
              ]
            },
            "RepeatDataQuery": {
              "methods": [
                "repeat_data_query"
              ]
            },
            "RepeatDataSimplePath": {
              "methods": [
                "repeat_data_simple_path"
              ]
            },
            "VerifyEnum": {
              "methods": [
                "verify_enum"
              ]
            }
          }
        }
      }
    },
    "Echo": {
      "clients": {
        "grpc": {
          "libraryClient": "EchoClient",
          "rpcs": {
            "Block": {
              "methods": [
                "block"
              ]
            },
            "Chat": {
              "methods": [
                "chat"
              ]
            },
            "Collect": {
              "methods": [
                "collect"
              ]
            },
            "Echo": {
              "methods": [
                "echo"
              ]
            },
            "EchoErrorDetails": {
              "methods": [
                "echo_error_details"
              ]
            },
            "Expand": {
              "methods": [
                "expand"
              ]
            },
            "PagedExpand": {
              "methods": [
                "paged_expand"
              ]
            },
            "PagedExpandLegacy": {
              "methods": [
                "paged_expand_legacy"
              ]
            },
            "PagedExpandLegacyMapped": {
              "methods": [
                "paged_expand_legacy_mapped"
              ]
            },
            "Wait": {
              "methods": [
                "wait"
              ]
            }
          }
        },
        "grpc-async": {
          "libraryClient": "EchoAsyncClient",
          "rpcs": {
            "Block": {
              "methods": [
                "block"
              ]
            },
            "Chat": {
              "methods": [
                "chat"
              ]
            },
            "Collect": {
              "methods": [
                "collect"
              ]
            },
            "Echo": {
              "methods": [
                "echo"
              ]
            },
            "EchoErrorDetails": {
              "methods": [
                "echo_error_details"
              ]
            },
            "Expand": {
              "methods": [
                "expand"
              ]
            },
            "PagedExpand": {
              "methods": [
                "paged_expand"
              ]
            },
            "PagedExpandLegacy": {
              "methods": [
                "paged_expand_legacy"
              ]
            },
            "PagedExpandLegacyMapped": {
              "methods": [
                "paged_expand_legacy_mapped"
              ]
            },
            "Wait": {
              "methods": [
                "wait"
              ]
            }
          }
        },
        "rest": {
          "libraryClient": "EchoClient",
          "rpcs": {
            "Block": {
              "methods": [
                "block"
              ]
            },
            "Chat": {
              "methods": [
                "chat"
              ]
            },
            "Collect": {
              "methods": [
                "collect"
              ]
            },
            "Echo": {
              "methods": [
                "echo"
              ]
            },
            "EchoErrorDetails": {
              "methods": [
                "echo_error_details"
              ]
            },
            "Expand": {
              "methods": [
                "expand"
              ]
            },
            "PagedExpand": {
              "methods": [
                "paged_expand"
              ]
            },
            "PagedExpandLegacy": {
              "methods": [
                "paged_expand_legacy"
              ]
            },
            "PagedExpandLegacyMapped": {
              "methods": [
                "paged_expand_legacy_mapped"
              ]
            },
            "Wait": {
              "methods": [
                "wait"
              ]
            }
          }
        }
      }
    },
    "Identity": {
      "clients": {
        "grpc": {
          "libraryClient": "IdentityClient",
          "rpcs": {
            "CreateUser": {
              "methods": [
                "create_user"
              ]
            },
            "DeleteUser": {
              "methods": [
                "delete_user"
              ]
            },
            "GetUser": {
              "methods": [
                "get_user"
              ]
            },
            "ListUsers": {
              "methods": [
                "list_users"
              ]
            },
            "UpdateUser": {
              "methods": [
                "update_user"
              ]
            }
          }
        },
        "grpc-async": {
          "libraryClient": "IdentityAsyncClient",
          "rpcs": {
            "CreateUser": {
              "methods": [
                "create_user"
              ]
            },
            "DeleteUser": {
              "methods": [
                "delete_user"
              ]
            },
            "GetUser": {
              "methods": [
                "get_user"
              ]
            },
            "ListUsers": {
              "methods": [
                "list_users"
              ]
            },
            "UpdateUser": {
              "methods": [
                "update_user"
              ]
            }
          }
        },
        "rest": {
          "libraryClient": "IdentityClient",
          "rpcs": {
            "CreateUser": {
              "methods": [
                "create_user"
              ]
            },
            "DeleteUser": {
              "methods": [
                "delete_user"
              ]
            },
            "GetUser": {
              "methods": [
                "get_user"
              ]
            },
            "ListUsers": {
              "methods": [
                "list_users"
              ]
            },
            "UpdateUser": {
              "methods": [
                "update_user"
              ]
            }
          }
        }
      }
    },
    "Messaging": {
      "clients": {
        "grpc": {
          "libraryClient": "MessagingClient",
          "rpcs": {
            "Connect": {
              "methods": [
                "connect"
              ]
            },
            "CreateBlurb": {
              "methods": [
                "create_blurb"
              ]
            },
            "CreateRoom": {
              "methods": [
                "create_room"
              ]
            },
            "DeleteBlurb": {
              "methods": [
                "delete_blurb"
              ]
            },
            "DeleteRoom": {
              "methods": [
                "delete_room"
              ]
            },
            "GetBlurb": {
              "methods": [
                "get_blurb"
              ]
            },
            "GetRoom": {
              "methods": [
                "get_room"
              ]
            },
            "ListBlurbs": {
              "methods": [
                "list_blurbs"
              ]
            },
            "ListRooms": {
              "methods": [
                "list_rooms"
              ]
            },
            "SearchBlurbs": {
              "methods": [
                "search_blurbs"
              ]
            },
            "SendBlurbs": {
              "methods": [
                "send_blurbs"
              ]
            },
            "StreamBlurbs": {
              "methods": [
                "stream_blurbs"
              ]
            },
            "UpdateBlurb": {
              "methods": [
                "update_blurb"
              ]
            },
            "UpdateRoom": {
              "methods": [
                "update_room"
              ]
            }
          }
        },
        "grpc-async": {
          "libraryClient": "MessagingAsyncClient",
          "rpcs": {
            "Connect": {
              "methods": [
                "connect"
              ]
            },
            "CreateBlurb": {
              "methods": [
                "create_blurb"
              ]
            },
            "CreateRoom": {
              "methods": [
                "create_room"
              ]
            },
            "DeleteBlurb": {
              "methods": [
                "delete_blurb"
              ]
            },
            "DeleteRoom": {
              "methods": [
                "delete_room"
              ]
            },
            "GetBlurb": {
              "methods": [
                "get_blurb"
              ]
            },
            "GetRoom": {
              "methods": [
                "get_room"
              ]
            },
            "ListBlurbs": {
              "methods": [
                "list_blurbs"
              ]
            },
            "ListRooms": {
              "methods": [
                "list_rooms"
              ]
            },
            "SearchBlurbs": {
              "methods": [
                "search_blurbs"
              ]
            },
            "SendBlurbs": {
              "methods": [
                "send_blurbs"
              ]
            },
            "StreamBlurbs": {
              "methods": [
                "stream_blurbs"
              ]
            },
            "UpdateBlurb": {
              "methods": [
                "update_blurb"
              ]
            },
            "UpdateRoom": {
              "methods": [
                "update_room"
              ]
            }
          }
        },
        "rest": {
          "libraryClient": "MessagingClient",
          "rpcs": {
            "Connect": {
              "methods": [
                "connect"
              ]
            },
            "CreateBlurb": {
              "methods": [
                "create_blurb"
              ]
            },
            "CreateRoom": {
              "methods": [
                "create_room"
              ]
            },
            "DeleteBlurb": {
              "methods": [
                "delete_blurb"
              ]
            },
            "DeleteRoom": {
              "methods": [
                "delete_room"
              ]
            },
            "GetBlurb": {
              "methods": [
                "get_blurb"
              ]
            },
            "GetRoom": {
              "methods": [
                "get_room"
              ]
            },
            "ListBlurbs": {
              "methods": [
                "list_blurbs"
              ]
            },
            "ListRooms": {
              "methods": [
                "list_rooms"
              ]
            },
            "SearchBlurbs": {
              "methods": [
                "search_blurbs"
              ]
            },
            "SendBlurbs": {
              "methods": [
                "send_blurbs"
              ]
            },
            "StreamBlurbs": {
              "methods": [
                "stream_blurbs"
              ]
            },
            "UpdateBlurb": {
              "methods": [
                "update_blurb"
              ]
            },
            "UpdateRoom": {
              "methods": [
                "update_room"
              ]
            }
          }
        }
      }
    },
    "SequenceService": {
      "clients": {
        "grpc": {
          "libraryClient": "SequenceServiceClient",
          "rpcs": {
            "AttemptSequence": {
              "methods": [
                "attempt_sequence"
              ]
            },
            "AttemptStreamingSequence": {
              "methods": [
                "attempt_streaming_sequence"
              ]
            },
            "CreateSequence": {
              "methods": [
                "create_sequence"
              ]
            },
            "CreateStreamingSequence": {
              "methods": [
                "create_streaming_sequence"
              ]
            },
            "GetSequenceReport": {
              "methods": [
                "get_sequence_report"
              ]
            },
            "GetStreamingSequenceReport": {
              "methods": [
                "get_streaming_sequence_report"
              ]
            }
          }
        },
        "grpc-async": {
          "libraryClient": "SequenceServiceAsyncClient",
          "rpcs": {
            "AttemptSequence": {
              "methods": [
                "attempt_sequence"
              ]
            },
            "AttemptStreamingSequence": {
              "methods": [
                "attempt_streaming_sequence"
              ]
            },
            "CreateSequence": {
              "methods": [
                "create_sequence"
              ]
            },
            "CreateStreamingSequence": {
              "methods": [
                "create_streaming_sequence"
              ]
            },
            "GetSequenceReport": {
              "methods": [
                "get_sequence_report"
              ]
            },
            "GetStreamingSequenceReport": {
              "methods": [
                "get_streaming_sequence_report"
              ]
            }
          }
        },
        "rest": {
          "libraryClient": "SequenceServiceClient",
          "rpcs": {
            "AttemptSequence": {
              "methods": [
                "attempt_sequence"
              ]
            },
            "AttemptStreamingSequence": {
              "methods": [
                "attempt_streaming_sequence"
              ]
            },
            "CreateSequence": {
              "methods": [
                "create_sequence"
              ]
            },
            "CreateStreamingSequence": {
              "methods": [
                "create_streaming_sequence"
              ]
            },
            "GetSequenceReport": {
              "methods": [
                "get_sequence_report"
              ]
            },
            "GetStreamingSequenceReport": {
              "methods": [
                "get_streaming_sequence_report"
              ]
            }
          }
        }
      }
    },
    "Testing": {
      "clients": {
        "grpc": {
          "libraryClient": "TestingClient",
          "rpcs": {
            "CreateSession": {
              "methods": [
                "create_session"
              ]
            },
            "DeleteSession": {
              "methods": [
                "delete_session"
              ]
            },
            "DeleteTest": {
              "methods": [
                "delete_test"
              ]
            },
            "GetSession": {
              "methods": [
                "get_session"
              ]
            },
            "ListSessions": {
              "methods": [
                "list_sessions"
              ]
            },
            "ListTests": {
              "methods": [
                "list_tests"
              ]
            },
            "ReportSession": {
              "methods": [
                "report_session"
              ]
            },
            "VerifyTest": {
              "methods": [
                "verify_test"
              ]
            }
          }
        },
        "grpc-async": {
          "libraryClient": "TestingAsyncClient",
          "rpcs": {
            "CreateSession": {
              "methods": [
                "create_session"
              ]
            },
            "DeleteSession": {
              "methods": [
                "delete_session"
              ]
            },
            "DeleteTest": {
              "methods": [
                "delete_test"
              ]
            },
            "GetSession": {
              "methods": [
                "get_session"
              ]
            },
            "ListSessions": {
              "methods": [
                "list_sessions"
              ]
            },
            "ListTests": {
              "methods": [
                "list_tests"
              ]
            },
            "ReportSession": {
              "methods": [
                "report_session"
              ]
            },
            "VerifyTest": {
              "methods": [
                "verify_test"
              ]
            }
          }
        },
        "rest": {
          "libraryClient": "TestingClient",
          "rpcs": {
            "CreateSession": {
              "methods": [
                "create_session"
              ]
            },
            "DeleteSession": {
              "methods": [
                "delete_session"
              ]
            },
            "DeleteTest": {
              "methods": [
                "delete_test"
              ]
            },
            "GetSession": {
              "methods": [
                "get_session"
              ]
            },
            "ListSessions": {
              "methods": [
                "list_sessions"
              ]
            },
            "ListTests": {
              "methods": [
                "list_tests"
              ]
            },
            "ReportSession": {
              "methods": [
                "report_session"
              ]
            },
            "VerifyTest": {
              "methods": [
                "verify_test"
              ]
            }
          }
        }
      }
    }
  }
}
